Archive member included to satisfy reference by file (symbol)

app/libapp.a(I2C_Functions.c.obj)
                              (--whole-archive)
app/libapp.a(MLX90640_API.c.obj)
                              (--whole-archive)
app/libapp.a(main.c.obj)      (--whole-archive)
zephyr/libzephyr.a(cbprintf_packaged.c.obj)
                              (--whole-archive)
zephyr/libzephyr.a(dec.c.obj)
                              (--whole-archive)
zephyr/libzephyr.a(fdtable.c.obj)
                              (--whole-archive)
zephyr/libzephyr.a(hex.c.obj)
                              (--whole-archive)
zephyr/libzephyr.a(printk.c.obj)
                              (--whole-archive)
zephyr/libzephyr.a(rb.c.obj)  (--whole-archive)
zephyr/libzephyr.a(sem.c.obj)
                              (--whole-archive)
zephyr/libzephyr.a(thread_entry.c.obj)
                              (--whole-archive)
zephyr/libzephyr.a(timeutil.c.obj)
                              (--whole-archive)
zephyr/libzephyr.a(heap.c.obj)
                              (--whole-archive)
zephyr/libzephyr.a(heap-validate.c.obj)
                              (--whole-archive)
zephyr/libzephyr.a(bitarray.c.obj)
                              (--whole-archive)
zephyr/libzephyr.a(multi_heap.c.obj)
                              (--whole-archive)
zephyr/libzephyr.a(onoff.c.obj)
                              (--whole-archive)
zephyr/libzephyr.a(notify.c.obj)
                              (--whole-archive)
zephyr/libzephyr.a(crc32c_sw.c.obj)
                              (--whole-archive)
zephyr/libzephyr.a(crc32_sw.c.obj)
                              (--whole-archive)
zephyr/libzephyr.a(crc16_sw.c.obj)
                              (--whole-archive)
zephyr/libzephyr.a(crc8_sw.c.obj)
                              (--whole-archive)
zephyr/libzephyr.a(crc7_sw.c.obj)
                              (--whole-archive)
zephyr/libzephyr.a(cbprintf_complete.c.obj)
                              (--whole-archive)
zephyr/libzephyr.a(cbprintf.c.obj)
                              (--whole-archive)
zephyr/libzephyr.a(assert.c.obj)
                              (--whole-archive)
zephyr/libzephyr.a(reboot.c.obj)
                              (--whole-archive)
zephyr/libzephyr.a(configs.c.obj)
                              (--whole-archive)
zephyr/libzephyr.a(soc_nrf_common.S.obj)
                              (--whole-archive)
zephyr/libzephyr.a(validate_base_addresses.c.obj)
                              (--whole-archive)
zephyr/libzephyr.a(validate_enabled_instances.c.obj)
                              (--whole-archive)
zephyr/libzephyr.a(log_core.c.obj)
                              (--whole-archive)
zephyr/libzephyr.a(log_mgmt.c.obj)
                              (--whole-archive)
zephyr/libzephyr.a(log_cache.c.obj)
                              (--whole-archive)
zephyr/libzephyr.a(log_msg.c.obj)
                              (--whole-archive)
zephyr/libzephyr.a(log_output.c.obj)
                              (--whole-archive)
zephyr/libzephyr.a(log_backend_rtt.c.obj)
                              (--whole-archive)
zephyr/libzephyr.a(pm.c.obj)  (--whole-archive)
zephyr/libzephyr.a(policy.c.obj)
                              (--whole-archive)
zephyr/libzephyr.a(state.c.obj)
                              (--whole-archive)
zephyr/libzephyr.a(tracing_none.c.obj)
                              (--whole-archive)
zephyr/arch/common/libarch__common.a(sw_isr_common.c.obj)
                              (--whole-archive)
zephyr/arch/arch/arm/core/aarch32/libarch__arm__core__aarch32.a(cpu_idle.S.obj)
                              (--whole-archive)
zephyr/arch/arch/arm/core/aarch32/libarch__arm__core__aarch32.a(fatal.c.obj)
                              (--whole-archive)
zephyr/arch/arch/arm/core/aarch32/libarch__arm__core__aarch32.a(irq_manage.c.obj)
                              (--whole-archive)
zephyr/arch/arch/arm/core/aarch32/libarch__arm__core__aarch32.a(nmi.c.obj)
                              (--whole-archive)
zephyr/arch/arch/arm/core/aarch32/libarch__arm__core__aarch32.a(nmi_on_reset.S.obj)
                              (--whole-archive)
zephyr/arch/arch/arm/core/aarch32/libarch__arm__core__aarch32.a(prep_c.c.obj)
                              (--whole-archive)
zephyr/arch/arch/arm/core/aarch32/libarch__arm__core__aarch32.a(swap.c.obj)
                              (--whole-archive)
zephyr/arch/arch/arm/core/aarch32/libarch__arm__core__aarch32.a(swap_helper.S.obj)
                              (--whole-archive)
zephyr/arch/arch/arm/core/aarch32/libarch__arm__core__aarch32.a(thread.c.obj)
                              (--whole-archive)
zephyr/arch/arch/arm/core/aarch32/libarch__arm__core__aarch32.a(isr_wrapper.S.obj)
                              (--whole-archive)
zephyr/arch/arch/arm/core/aarch32/cortex_m/libarch__arm__core__aarch32__cortex_m.a(exc_exit.S.obj)
                              (--whole-archive)
[...]
Memory Configuration

Name             Origin             Length             Attributes
FLASH            0x0000000000000000 0x0000000000080000 xr
RAM              0x0000000020000000 0x0000000000020000 xw
IDT_LIST         0x00000000fffff7ff 0x0000000000000800 xw
*default*        0x0000000000000000 0xffffffffffffffff

Linker script and memory map

LOAD zephyr/CMakeFiles/zephyr_pre1.dir/misc/empty_file.c.obj
LOAD zephyr/CMakeFiles/zephyr_pre1.dir/dev_handles.c.obj
                0x0000000000000020                _region_min_align = 0x20

.rel.plt        0x0000000000000000        0x0
 *(SORT_BY_ALIGNMENT(.rel.plt))
                [!provide]                        PROVIDE (__rel_iplt_start = .)
 *(SORT_BY_ALIGNMENT(.rel.iplt))
 .rel.iplt      0x0000000000000000        0x0 app/libapp.a(I2C_Functions.c.obj)
                [!provide]                        PROVIDE (__rel_iplt_end = .)

.rela.plt       0x0000000000000000        0x0
 *(SORT_BY_ALIGNMENT(.rela.plt))
                [!provide]                        PROVIDE (__rela_iplt_start = .)
 *(SORT_BY_ALIGNMENT(.rela.iplt))
                [!provide]                        PROVIDE (__rela_iplt_end = .)

.rel.dyn
 *(SORT_BY_ALIGNMENT(.rel.*))

.rela.dyn
 *(SORT_BY_ALIGNMENT(.rela.*))

/DISCARD/
 *(SORT_BY_ALIGNMENT(.plt))

/DISCARD/
 *(SORT_BY_ALIGNMENT(.iplt))
                0x0000000000000000                __rom_region_start = 0x0

rom_start       0x0000000000000000      0x100
                0x0000000000000000                . = 0x0
                0x0000000000000000                . = ALIGN (0x4)
                0x0000000000000000                . = ALIGN (0x80)
                0x0000000000000000                . = ALIGN (0x100)
                0x0000000000000000                _vector_start = .
 *(SORT_BY_ALIGNMENT(.exc_vector_table))
 *(SORT_BY_ALIGNMENT(.exc_vector_table.*))
 .exc_vector_table._vector_table_section
                0x0000000000000000       0x40 zephyr/arch/arch/arm/core/aarch32/cortex_m/libarch__arm__core__aarch32__cortex_m.a(vector_table.S.obj)
                0x0000000000000000                _vector_table
 *(SORT_BY_ALIGNMENT(.vectors))
                0x0000000000000100                _vector_end = .
                0x0000000000000040                . = ALIGN (0x4)
 *(SORT_BY_ALIGNMENT(.gnu.linkonce.irq_vector_table*))
 .gnu.linkonce.irq_vector_table
                0x0000000000000040       0xc0 zephyr/arch/common/libisr_tables.a(isr_tables.c.obj)
                0x0000000000000040                _irq_vector_table
                0x0000000000000100                _vector_end = .

text            0x0000000000000100     0x9b34
                0x0000000000000100                __text_region_start = .
 *(SORT_BY_ALIGNMENT(.text))
 .text          0x0000000000000100      0x378 c:/ncs/toolchains/v2.3.0/opt/zephyr-sdk/arm-zephyr-eabi/bin/../lib/gcc/arm-zephyr-eabi/12.1.0/thumb/v7e-m+fp/hard\libgcc.a(_arm_addsubdf3.o)
                0x0000000000000100                __aeabi_drsub
                0x0000000000000108                __aeabi_dsub
                0x0000000000000108                __subdf3
                0x000000000000010c                __aeabi_dadd
                0x000000000000010c                __adddf3
                0x0000000000000384                __floatunsidf
                0x0000000000000384                __aeabi_ui2d
                0x00000000000003a4                __floatsidf
                0x00000000000003a4                __aeabi_i2d
                0x00000000000003c8                __aeabi_f2d
                0x00000000000003c8                __extendsfdf2
                0x000000000000040c                __floatundidf
                0x000000000000040c                __aeabi_ul2d
                0x000000000000041c                __floatdidf
                0x000000000000041c                __aeabi_l2d
 .text          0x0000000000000478      0x424 c:/ncs/toolchains/v2.3.0/opt/zephyr-sdk/arm-zephyr-eabi/bin/../lib/gcc/arm-zephyr-eabi/12.1.0/thumb/v7e-m+fp/hard\libgcc.a(_arm_muldivdf3.o)
                0x0000000000000478                __aeabi_dmul
                0x0000000000000478                __muldf3
                0x00000000000006cc                __divdf3
                0x00000000000006cc                __aeabi_ddiv
 .text          0x000000000000089c      0x110 c:/ncs/toolchains/v2.3.0/opt/zephyr-sdk/arm-zephyr-eabi/bin/../lib/gcc/arm-zephyr-eabi/12.1.0/thumb/v7e-m+fp/hard\libgcc.a(_arm_cmpdf2.o)
                0x000000000000089c                __gtdf2
                0x000000000000089c                __gedf2
                0x00000000000008a4                __ltdf2
                0x00000000000008a4                __ledf2
                0x00000000000008ac                __nedf2
                0x00000000000008ac                __eqdf2
                0x00000000000008ac                __cmpdf2
                0x0000000000000928                __aeabi_cdrcmple
                0x0000000000000938                __aeabi_cdcmpeq
                0x0000000000000938                __aeabi_cdcmple
                0x0000000000000948                __aeabi_dcmpeq
                0x000000000000095c                __aeabi_dcmplt
                0x0000000000000970                __aeabi_dcmple
                0x0000000000000984                __aeabi_dcmpge
                0x0000000000000998                __aeabi_dcmpgt
 .text          0x00000000000009ac       0x50 c:/ncs/toolchains/v2.3.0/opt/zephyr-sdk/arm-zephyr-eabi/bin/../lib/gcc/arm-zephyr-eabi/12.1.0/thumb/v7e-m+fp/hard\libgcc.a(_arm_fixdfsi.o)
                0x00000000000009ac                __aeabi_d2iz
                0x00000000000009ac                __fixdfsi
 .text          0x00000000000009fc       0x40 c:/ncs/toolchains/v2.3.0/opt/zephyr-sdk/arm-zephyr-eabi/bin/../lib/gcc/arm-zephyr-eabi/12.1.0/thumb/v7e-m+fp/hard\libgcc.a(_arm_fixunsdfsi.o)
                0x00000000000009fc                __aeabi_d2uiz
                0x00000000000009fc                __fixunsdfsi
 .text          0x0000000000000a3c       0xa0 c:/ncs/toolchains/v2.3.0/opt/zephyr-sdk/arm-zephyr-eabi/bin/../lib/gcc/arm-zephyr-eabi/12.1.0/thumb/v7e-m+fp/hard\libgcc.a(_arm_truncdfsf2.o)
                0x0000000000000a3c                __truncdfsf2
                0x0000000000000a3c                __aeabi_d2f
 .text          0x0000000000000adc       0x30 c:/ncs/toolchains/v2.3.0/opt/zephyr-sdk/arm-zephyr-eabi/bin/../lib/gcc/arm-zephyr-eabi/12.1.0/thumb/v7e-m+fp/hard\libgcc.a(_aeabi_uldivmod.o)
                0x0000000000000adc                __aeabi_uldivmod
 .text          0x0000000000000b0c        0x4 c:/ncs/toolchains/v2.3.0/opt/zephyr-sdk/arm-zephyr-eabi/bin/../lib/gcc/arm-zephyr-eabi/12.1.0/thumb/v7e-m+fp/hard\libgcc.a(_dvmd_tls.o)
                0x0000000000000b0c                __aeabi_idiv0
                0x0000000000000b0c                __aeabi_ldiv0
 .text          0x0000000000000b10       0x2c c:/ncs/toolchains/v2.3.0/opt/zephyr-sdk/arm-zephyr-eabi/bin/../lib/gcc/arm-zephyr-eabi/12.1.0/thumb/v7e-m+fp/hard\libgcc.a(_arm_unorddf2.o)
                0x0000000000000b10                __unorddf2
                0x0000000000000b10                __aeabi_dcmpun
 .text          0x0000000000000b3c      0x2a0 c:/ncs/toolchains/v2.3.0/opt/zephyr-sdk/arm-zephyr-eabi/bin/../lib/gcc/arm-zephyr-eabi/12.1.0/thumb/v7e-m+fp/hard\libgcc.a(_udivmoddi4.o)
                0x0000000000000b3c                __udivmoddi4
 .text          0x0000000000000ddc       0x10 C:/ncs/toolchains/v2.3.0/opt/zephyr-sdk/arm-zephyr-eabi/arm-zephyr-eabi/lib/thumb/v7e-m+fp/hard\libc_nano.a(lib_a-strlen.o)
                0x0000000000000ddc                strlen
 *(SORT_BY_ALIGNMENT(.text.*))
 *fill*         0x0000000000000dec        0x4 
 .text.ExtractAlphaParameters
                0x0000000000000df0      0x2a0 app/libapp.a(MLX90640_API.c.obj)
 .text.ExtractKtaPixelParameters
                0x0000000000001090      0x234 app/libapp.a(MLX90640_API.c.obj)
 *fill*         0x00000000000012c4        0x4 
 .text.ExtractKvPixelParameters
                0x00000000000012c8      0x204 app/libapp.a(MLX90640_API.c.obj)
 *fill*         0x00000000000014cc        0x4 
 .text.MLX90640_ExtractParameters
                0x00000000000014d0      0x62c app/libapp.a(MLX90640_API.c.obj)
                0x00000000000014d0                MLX90640_ExtractParameters
 *fill*         0x0000000000001afc        0x4 
 .text.MLX90640_GetVdd
                0x0000000000001b00       0xc0 app/libapp.a(MLX90640_API.c.obj)
                0x0000000000001b00                MLX90640_GetVdd
 .text.MLX90640_GetTa
                0x0000000000001bc0       0xec app/libapp.a(MLX90640_API.c.obj)
                0x0000000000001bc0                MLX90640_GetTa
 *fill*         0x0000000000001cac        0x4 
 .text.MLX90640_CalculateTo
                0x0000000000001cb0      0x604 app/libapp.a(MLX90640_API.c.obj)
                0x0000000000001cb0                MLX90640_CalculateTo
 *fill*         0x00000000000022b4        0x4 
 .text.z_cbvprintf_impl
                0x00000000000022b8      0xcd8 zephyr/libzephyr.a(cbprintf_complete.c.obj)
                0x00000000000022b8                z_cbvprintf_impl
 .text.__ieee754_pow
                0x0000000000002f90      0xa54 C:/ncs/toolchains/v2.3.0/opt/zephyr-sdk/arm-zephyr-eabi/arm-zephyr-eabi/lib/thumb/v7e-m+fp/hard\libm_nano.a(lib_a-e_pow.o)
                0x0000000000002f90                __ieee754_pow
 *fill*         0x00000000000039e4        0x4 
 .text.nan      0x00000000000039e8       0x10 C:/ncs/toolchains/v2.3.0/opt/zephyr-sdk/arm-zephyr-eabi/arm-zephyr-eabi/lib/thumb/v7e-m+fp/hard\libm_nano.a(lib_a-s_nan.o)
                0x00000000000039e8                nan
 .text.scalbn   0x00000000000039f8       0xf4 C:/ncs/toolchains/v2.3.0/opt/zephyr-sdk/arm-zephyr-eabi/arm-zephyr-eabi/lib/thumb/v7e-m+fp/hard\libm_nano.a(lib_a-s_scalbn.o)
                0x00000000000039f8                scalbn
 .text.MLX90640_I2CRead
                0x0000000000003aec       0xa0 app/libapp.a(I2C_Functions.c.obj)
                0x0000000000003aec                MLX90640_I2CRead
 .text.MLX90640_I2CWrite
                0x0000000000003b8c       0x68 app/libapp.a(I2C_Functions.c.obj)
                0x0000000000003b8c                MLX90640_I2CWrite
 .text.MLX_start
                0x0000000000003bf4      0x118 app/libapp.a(main.c.obj)
                0x0000000000003bf4                MLX_start
 .text.main     0x0000000000003d0c       0xf8 app/libapp.a(main.c.obj)
                0x0000000000003d0c                main
 .text.cbvprintf_package
                0x0000000000003e04      0x3ac zephyr/libzephyr.a(cbprintf_packaged.c.obj)
                0x0000000000003e04                cbvprintf_package
 .text.__printk_hook_install
                0x00000000000041b0        0xc zephyr/libzephyr.a(printk.c.obj)
                0x00000000000041b0                __printk_hook_install
 .text.process_event
                0x00000000000041bc      0x21c zephyr/libzephyr.a(onoff.c.obj)
 .text.extract_decimal
                0x00000000000043d8       0x2c zephyr/libzephyr.a(cbprintf_complete.c.obj)
 .text.encode_uint
                0x0000000000004404       0x98 zephyr/libzephyr.a(cbprintf_complete.c.obj)
 .text.z_arm_platform_init
                0x000000000000449c        0x4 zephyr/libzephyr.a(soc_nrf_common.S.obj)
                0x000000000000449c                z_arm_platform_init
 .text.z_log_init.isra.0
                0x00000000000044a0       0xd0 zephyr/libzephyr.a(log_core.c.obj)
 .text.log_format_func_t_get
                0x0000000000004570        0xc zephyr/libzephyr.a(log_core.c.obj)
                0x0000000000004570                log_format_func_t_get
 .text.log_set_timestamp_func
                0x000000000000457c       0x20 zephyr/libzephyr.a(log_core.c.obj)
                0x000000000000457c                log_set_timestamp_func
 .text.log_core_init
                0x000000000000459c       0x20 zephyr/libzephyr.a(log_core.c.obj)
                0x000000000000459c                log_core_init
 .text.z_impl_log_panic
                0x00000000000045bc       0x3c zephyr/libzephyr.a(log_core.c.obj)
                0x00000000000045bc                z_impl_log_panic
 .text.z_log_dropped
                0x00000000000045f8       0x30 zephyr/libzephyr.a(log_core.c.obj)
                0x00000000000045f8                z_log_dropped
 .text.z_log_msg_commit
                0x0000000000004628       0x38 zephyr/libzephyr.a(log_core.c.obj)
                0x0000000000004628                z_log_msg_commit
 .text.log_source_name_get
                0x0000000000004660       0x1c zephyr/libzephyr.a(log_mgmt.c.obj)
                0x0000000000004660                log_source_name_get
 .text.log_backend_enable
                0x000000000000467c       0x28 zephyr/libzephyr.a(log_mgmt.c.obj)
                0x000000000000467c                log_backend_enable
 .text.z_impl_z_log_msg_runtime_vcreate
                0x00000000000046a4       0x94 zephyr/libzephyr.a(log_msg.c.obj)
                0x00000000000046a4                z_impl_z_log_msg_runtime_vcreate
 .text.print_formatted
                0x0000000000004738       0x24 zephyr/libzephyr.a(log_output.c.obj)
 .text.newline_print
                0x000000000000475c       0x1c zephyr/libzephyr.a(log_output.c.obj)
 .text.log_output_process
                0x0000000000004778      0x2a8 zephyr/libzephyr.a(log_output.c.obj)
                0x0000000000004778                log_output_process
 .text.log_output_msg_process
                0x0000000000004a20       0x6c zephyr/libzephyr.a(log_output.c.obj)
                0x0000000000004a20                log_output_msg_process
 .text.log_output_timestamp_freq_set
                0x0000000000004a8c       0x2c zephyr/libzephyr.a(log_output.c.obj)
                0x0000000000004a8c                log_output_timestamp_freq_set
 .text.log_backend_rtt_init
                0x0000000000004ab8        0xc zephyr/libzephyr.a(log_backend_rtt.c.obj)
 .text.format_set
                0x0000000000004ac4        0xc zephyr/libzephyr.a(log_backend_rtt.c.obj)
 .text.panic    0x0000000000004ad0       0x14 zephyr/libzephyr.a(log_backend_rtt.c.obj)
 .text.process  0x0000000000004ae4       0x24 zephyr/libzephyr.a(log_backend_rtt.c.obj)
 .text.data_out_block_mode
                0x0000000000004b08       0x70 zephyr/libzephyr.a(log_backend_rtt.c.obj)
 .text.pm_state_notify
                0x0000000000004b78       0x5c zephyr/libzephyr.a(pm.c.obj)
 .text.pm_system_resume
                0x0000000000004bd4       0x78 zephyr/libzephyr.a(pm.c.obj)
                0x0000000000004bd4                pm_system_resume
 .text.pm_system_suspend
                0x0000000000004c4c       0xf8 zephyr/libzephyr.a(pm.c.obj)
                0x0000000000004c4c                pm_system_suspend
 .text.pm_policy_next_state
                0x0000000000004d44       0x94 zephyr/libzephyr.a(policy.c.obj)
                0x0000000000004d44                pm_policy_next_state
 .text.pm_state_cpu_get_all
                0x0000000000004dd8       0x10 zephyr/libzephyr.a(state.c.obj)
                0x0000000000004dd8                pm_state_cpu_get_all
 .text.z_arm_cpu_idle_init
                0x0000000000004de8        0xc zephyr/arch/arch/arm/core/aarch32/libarch__arm__core__aarch32.a(cpu_idle.S.obj)
                0x0000000000004de8                z_arm_cpu_idle_init
 .text.arch_cpu_idle
                0x0000000000004df4       0x1c zephyr/arch/arch/arm/core/aarch32/libarch__arm__core__aarch32.a(cpu_idle.S.obj)
                0x0000000000004df4                arch_cpu_idle
 .text.arch_cpu_atomic_idle
                0x0000000000004e10       0x18 zephyr/arch/arch/arm/core/aarch32/libarch__arm__core__aarch32.a(cpu_idle.S.obj)
                0x0000000000004e10                arch_cpu_atomic_idle
 .text.z_arm_fatal_error
                0x0000000000004e28      0x128 zephyr/arch/arch/arm/core/aarch32/libarch__arm__core__aarch32.a(fatal.c.obj)
                0x0000000000004e28                z_arm_fatal_error
 .text.arch_irq_enable
                0x0000000000004f50       0x1c zephyr/arch/arch/arm/core/aarch32/libarch__arm__core__aarch32.a(irq_manage.c.obj)
                0x0000000000004f50                arch_irq_enable
 .text.arch_irq_is_enabled
                0x0000000000004f6c       0x1c zephyr/arch/arch/arm/core/aarch32/libarch__arm__core__aarch32.a(irq_manage.c.obj)
                0x0000000000004f6c                arch_irq_is_enabled
 .text.z_arm_irq_priority_set
                0x0000000000004f88       0x30 zephyr/arch/arch/arm/core/aarch32/libarch__arm__core__aarch32.a(irq_manage.c.obj)
                0x0000000000004f88                z_arm_irq_priority_set
 .text.z_SysNmiOnReset
                0x0000000000004fb8        0x8 zephyr/arch/arch/arm/core/aarch32/libarch__arm__core__aarch32.a(nmi_on_reset.S.obj)
                0x0000000000004fb8                z_SysNmiOnReset
 .text.z_arm_prep_c
                0x0000000000004fc0       0x5c zephyr/arch/arch/arm/core/aarch32/libarch__arm__core__aarch32.a(prep_c.c.obj)
                0x0000000000004fc0                z_arm_prep_c
 .text.arch_swap
                0x000000000000501c       0x34 zephyr/arch/arch/arm/core/aarch32/libarch__arm__core__aarch32.a(swap.c.obj)
                0x000000000000501c                arch_swap
 .text.z_arm_pendsv
                0x0000000000005050       0x90 zephyr/arch/arch/arm/core/aarch32/libarch__arm__core__aarch32.a(swap_helper.S.obj)
                0x0000000000005050                z_arm_pendsv
 .text.z_arm_svc
                0x00000000000050e0       0x20 zephyr/arch/arch/arm/core/aarch32/libarch__arm__core__aarch32.a(swap_helper.S.obj)
                0x00000000000050e0                z_arm_svc
 .text.arch_new_thread
                0x0000000000005100       0x60 zephyr/arch/arch/arm/core/aarch32/libarch__arm__core__aarch32.a(thread.c.obj)
                0x0000000000005100                arch_new_thread
 .text.z_arm_mpu_stack_guard_and_fpu_adjust
                0x0000000000005160       0x70 zephyr/arch/arch/arm/core/aarch32/libarch__arm__core__aarch32.a(thread.c.obj)
                0x0000000000005160                z_arm_mpu_stack_guard_and_fpu_adjust
 .text.z_check_thread_stack_fail
                0x00000000000051d0       0x38 zephyr/arch/arch/arm/core/aarch32/libarch__arm__core__aarch32.a(thread.c.obj)
                0x00000000000051d0                z_check_thread_stack_fail
 .text.arch_switch_to_main_thread
                0x0000000000005208       0x48 zephyr/arch/arch/arm/core/aarch32/libarch__arm__core__aarch32.a(thread.c.obj)
                0x0000000000005208                arch_switch_to_main_thread
 .text._isr_wrapper
                0x0000000000005250       0x40 zephyr/arch/arch/arm/core/aarch32/libarch__arm__core__aarch32.a(isr_wrapper.S.obj)
                0x0000000000005250                _isr_wrapper
 .text._HandlerModeExit
                0x0000000000005290       0x1c zephyr/arch/arch/arm/core/aarch32/cortex_m/libarch__arm__core__aarch32__cortex_m.a(exc_exit.S.obj)
                0x0000000000005290                z_arm_int_exit
                0x0000000000005290                z_arm_exc_exit
 .text.bus_fault.constprop.0
                0x00000000000052ac      0x11c zephyr/arch/arch/arm/core/aarch32/cortex_m/libarch__arm__core__aarch32__cortex_m.a(fault.c.obj)
 .text.usage_fault.constprop.0
                0x00000000000053c8       0xf8 zephyr/arch/arch/arm/core/aarch32/cortex_m/libarch__arm__core__aarch32__cortex_m.a(fault.c.obj)
 .text.mem_manage_fault
                0x00000000000054c0      0x154 zephyr/arch/arch/arm/core/aarch32/cortex_m/libarch__arm__core__aarch32__cortex_m.a(fault.c.obj)
 .text.z_arm_fault
                0x0000000000005614      0x200 zephyr/arch/arch/arm/core/aarch32/cortex_m/libarch__arm__core__aarch32__cortex_m.a(fault.c.obj)
                0x0000000000005614                z_arm_fault
 .text.z_arm_fault_init
                0x0000000000005814       0x10 zephyr/arch/arch/arm/core/aarch32/cortex_m/libarch__arm__core__aarch32__cortex_m.a(fault.c.obj)
                0x0000000000005814                z_arm_fault_init
 .text.__fault  0x0000000000005824       0x14 zephyr/arch/arch/arm/core/aarch32/cortex_m/libarch__arm__core__aarch32__cortex_m.a(fault_s.S.obj)
                0x0000000000005824                z_arm_usage_fault
                0x0000000000005824                z_arm_mpu_fault
                0x0000000000005824                z_arm_exc_spurious
                0x0000000000005824                z_arm_debug_monitor
                0x0000000000005824                z_arm_hard_fault
                0x0000000000005824                z_arm_bus_fault
 .text.z_arm_interrupt_init
                0x0000000000005838       0x18 zephyr/arch/arch/arm/core/aarch32/cortex_m/libarch__arm__core__aarch32__cortex_m.a(irq_init.c.obj)
                0x0000000000005838                z_arm_interrupt_init
 .text._reset_section
                0x0000000000005850       0x54 zephyr/arch/arch/arm/core/aarch32/cortex_m/libarch__arm__core__aarch32__cortex_m.a(reset.S.obj)
                0x0000000000005850                __start
                0x0000000000005850                z_arm_reset
 .text.z_arm_clear_arm_mpu_config
                0x00000000000058a4       0x24 zephyr/arch/arch/arm/core/aarch32/cortex_m/libarch__arm__core__aarch32__cortex_m.a(scb.c.obj)
                0x00000000000058a4                z_arm_clear_arm_mpu_config
 .text.z_arm_init_arch_hw_at_boot
                0x00000000000058c8       0x64 zephyr/arch/arch/arm/core/aarch32/cortex_m/libarch__arm__core__aarch32__cortex_m.a(scb.c.obj)
                0x00000000000058c8                z_arm_init_arch_hw_at_boot
 .text.z_impl_k_thread_abort
                0x000000000000592c       0x2c zephyr/arch/arch/arm/core/aarch32/cortex_m/libarch__arm__core__aarch32__cortex_m.a(thread_abort.c.obj)
                0x000000000000592c                z_impl_k_thread_abort
 .text.z_arm_configure_static_mpu_regions
                0x0000000000005958       0x18 zephyr/arch/arch/arm/core/aarch32/mpu/libarch__arm__core__aarch32__mpu.a(arm_core_mpu.c.obj)
                0x0000000000005958                z_arm_configure_static_mpu_regions
 .text.z_arm_configure_dynamic_mpu_regions
                0x0000000000005970       0x2c zephyr/arch/arch/arm/core/aarch32/mpu/libarch__arm__core__aarch32__mpu.a(arm_core_mpu.c.obj)
                0x0000000000005970                z_arm_configure_dynamic_mpu_regions
 .text.mpu_configure_regions
                0x000000000000599c       0xb4 zephyr/arch/arch/arm/core/aarch32/mpu/libarch__arm__core__aarch32__mpu.a(arm_mpu.c.obj)
 .text.arm_core_mpu_enable
                0x0000000000005a50       0x18 zephyr/arch/arch/arm/core/aarch32/mpu/libarch__arm__core__aarch32__mpu.a(arm_mpu.c.obj)
                0x0000000000005a50                arm_core_mpu_enable
 .text.arm_core_mpu_disable
                0x0000000000005a68       0x14 zephyr/arch/arch/arm/core/aarch32/mpu/libarch__arm__core__aarch32__mpu.a(arm_mpu.c.obj)
                0x0000000000005a68                arm_core_mpu_disable
 .text.arm_core_mpu_configure_static_mpu_regions
                0x0000000000005a7c       0x14 zephyr/arch/arch/arm/core/aarch32/mpu/libarch__arm__core__aarch32__mpu.a(arm_mpu.c.obj)
                0x0000000000005a7c                arm_core_mpu_configure_static_mpu_regions
 .text.arm_core_mpu_configure_dynamic_mpu_regions
                0x0000000000005a90       0x30 zephyr/arch/arch/arm/core/aarch32/mpu/libarch__arm__core__aarch32__mpu.a(arm_mpu.c.obj)
                0x0000000000005a90                arm_core_mpu_configure_dynamic_mpu_regions
 .text.z_arm_mpu_init
                0x0000000000005ac0       0x60 zephyr/arch/arch/arm/core/aarch32/mpu/libarch__arm__core__aarch32__mpu.a(arm_mpu.c.obj)
                0x0000000000005ac0                z_arm_mpu_init
 .text.__stdout_hook_install
                0x0000000000005b20        0xc zephyr/lib/libc/newlib/liblib__libc__newlib.a(libc-hooks.c.obj)
                0x0000000000005b20                __stdout_hook_install
 .text.nordicsemi_nrf52_init
                0x0000000000005b2c       0x30 zephyr/soc/arm/nordic_nrf/nrf52/libsoc__arm__nordic_nrf__nrf52.a(soc.c.obj)
 .text.sys_arch_reboot
                0x0000000000005b5c       0x2c zephyr/soc/arm/nordic_nrf/nrf52/libsoc__arm__nordic_nrf__nrf52.a(soc.c.obj)
                0x0000000000005b5c                sys_arch_reboot
 .text.arch_busy_wait
                0x0000000000005b88       0x14 zephyr/soc/arm/nordic_nrf/nrf52/libsoc__arm__nordic_nrf__nrf52.a(soc.c.obj)
                0x0000000000005b88                arch_busy_wait
 .text.onoff_stop
                0x0000000000005b9c       0x30 zephyr/drivers/clock_control/libdrivers__clock_control.a(clock_control_nrf.c.obj)
 .text.onoff_start
                0x0000000000005bcc       0x44 zephyr/drivers/clock_control/libdrivers__clock_control.a(clock_control_nrf.c.obj)
 .text.clk_init
                0x0000000000005c10       0x58 zephyr/drivers/clock_control/libdrivers__clock_control.a(clock_control_nrf.c.obj)
 .text.clkstarted_handle.constprop.0
                0x0000000000005c68       0x34 zephyr/drivers/clock_control/libdrivers__clock_control.a(clock_control_nrf.c.obj)
 .text.clock_event_handler
                0x0000000000005c9c       0x1c zephyr/drivers/clock_control/libdrivers__clock_control.a(clock_control_nrf.c.obj)
 .text.generic_hfclk_start
                0x0000000000005cb8       0x64 zephyr/drivers/clock_control/libdrivers__clock_control.a(clock_control_nrf.c.obj)
 .text.api_blocking_start
                0x0000000000005d1c       0x34 zephyr/drivers/clock_control/libdrivers__clock_control.a(clock_control_nrf.c.obj)
 .text.generic_hfclk_stop
                0x0000000000005d50       0x34 zephyr/drivers/clock_control/libdrivers__clock_control.a(clock_control_nrf.c.obj)
 .text.z_nrf_clock_control_lf_on
                0x0000000000005d84       0xfc zephyr/drivers/clock_control/libdrivers__clock_control.a(clock_control_nrf.c.obj)
                0x0000000000005d84                z_nrf_clock_control_lf_on
 .text.rtt_console_init
                0x0000000000005e80       0x18 zephyr/drivers/console/libdrivers__console.a(rtt_console.c.obj)
 .text.rtt_console_out
                0x0000000000005e98       0x54 zephyr/drivers/console/libdrivers__console.a(rtt_console.c.obj)
 .text.gpio_nrfx_pin_interrupt_configure
                0x0000000000005eec       0xd4 zephyr/drivers/gpio/libdrivers__gpio.a(gpio_nrfx.c.obj)
 .text.gpio_nrfx_init
                0x0000000000005fc0       0x38 zephyr/drivers/gpio/libdrivers__gpio.a(gpio_nrfx.c.obj)
 .text.nrfx_gpio_handler
                0x0000000000005ff8       0x4c zephyr/drivers/gpio/libdrivers__gpio.a(gpio_nrfx.c.obj)
 .text.gpio_nrfx_pin_configure
                0x0000000000006044      0x128 zephyr/drivers/gpio/libdrivers__gpio.a(gpio_nrfx.c.obj)
 .text.i2c_nrfx_twi_recover_bus
                0x000000000000616c       0x24 zephyr/drivers/i2c/libdrivers__i2c.a(i2c_nrfx_twi.c.obj)
 .text.i2c_nrfx_twi_configure
                0x0000000000006190       0x54 zephyr/drivers/i2c/libdrivers__i2c.a(i2c_nrfx_twi.c.obj)
 .text.twi_0_init
                0x00000000000061e4       0x7c zephyr/drivers/i2c/libdrivers__i2c.a(i2c_nrfx_twi.c.obj)
 .text.event_handler
                0x0000000000006260       0x34 zephyr/drivers/i2c/libdrivers__i2c.a(i2c_nrfx_twi.c.obj)
 .text.i2c_nrfx_twi_transfer
                0x0000000000006294      0x138 zephyr/drivers/i2c/libdrivers__i2c.a(i2c_nrfx_twi.c.obj)
 .text.compare_int_lock
                0x00000000000063cc       0x48 zephyr/drivers/timer/libdrivers__timer.a(nrf_rtc_timer.c.obj)
 .text.sys_clock_timeout_handler
                0x0000000000006414       0x48 zephyr/drivers/timer/libdrivers__timer.a(nrf_rtc_timer.c.obj)
 .text.compare_int_unlock
                0x000000000000645c       0x5c zephyr/drivers/timer/libdrivers__timer.a(nrf_rtc_timer.c.obj)
 .text.z_nrf_rtc_timer_read
                0x00000000000064b8       0x44 zephyr/drivers/timer/libdrivers__timer.a(nrf_rtc_timer.c.obj)
                0x00000000000064b8                z_nrf_rtc_timer_read
 .text.compare_set
                0x00000000000064fc      0x11c zephyr/drivers/timer/libdrivers__timer.a(nrf_rtc_timer.c.obj)
 .text.sys_clock_driver_init
                0x0000000000006618       0x80 zephyr/drivers/timer/libdrivers__timer.a(nrf_rtc_timer.c.obj)
 .text.rtc_nrf_isr
                0x0000000000006698       0xd4 zephyr/drivers/timer/libdrivers__timer.a(nrf_rtc_timer.c.obj)
                0x0000000000006698                rtc_nrf_isr
 .text.sys_clock_set_timeout
                0x000000000000676c       0x64 zephyr/drivers/timer/libdrivers__timer.a(nrf_rtc_timer.c.obj)
                0x000000000000676c                sys_clock_set_timeout
 .text.sys_clock_elapsed
                0x00000000000067d0       0x14 zephyr/drivers/timer/libdrivers__timer.a(nrf_rtc_timer.c.obj)
                0x00000000000067d0                sys_clock_elapsed
 .text.pinctrl_configure_pins
                0x00000000000067e4       0x78 zephyr/drivers/pinctrl/libdrivers__pinctrl.a(pinctrl_nrf.c.obj)
                0x00000000000067e4                pinctrl_configure_pins
 .text.z_log_msg_runtime_create.constprop.0
                0x000000000000685c       0x24 modules/nrf/lib/fatal_error/lib..__nrf__lib__fatal_error.a(fatal_error.c.obj)
 .text.k_sys_fatal_error_handler
                0x0000000000006880       0x2c modules/nrf/lib/fatal_error/lib..__nrf__lib__fatal_error.a(fatal_error.c.obj)
                0x0000000000006880                k_sys_fatal_error_handler
 .text.nvmc_wait
                0x00000000000068ac       0x10 modules/hal_nordic/nrfx/libmodules__hal_nordic__nrfx.a(system_nrf52833.c.obj)
                0x00000000000068ac                nvmc_wait
 .text.SystemInit
                0x00000000000068bc      0x16c modules/hal_nordic/nrfx/libmodules__hal_nordic__nrfx.a(system_nrf52833.c.obj)
                0x00000000000068bc                SystemInit
 .text.nrfx_flag32_alloc
                0x0000000000006a28       0x40 modules/hal_nordic/nrfx/libmodules__hal_nordic__nrfx.a(nrfx_flag32_allocator.c.obj)
                0x0000000000006a28                nrfx_flag32_alloc
 .text.nrfx_flag32_free
                0x0000000000006a68       0x40 modules/hal_nordic/nrfx/libmodules__hal_nordic__nrfx.a(nrfx_flag32_allocator.c.obj)
                0x0000000000006a68                nrfx_flag32_free
 .text.nrfx_clock_init
                0x0000000000006aa8       0x20 modules/hal_nordic/nrfx/libmodules__hal_nordic__nrfx.a(nrfx_clock.c.obj)
                0x0000000000006aa8                nrfx_clock_init
 .text.nrfx_power_clock_irq_handler
                0x0000000000006ac8       0x64 modules/hal_nordic/nrfx/libmodules__hal_nordic__nrfx.a(nrfx_clock.c.obj)
                0x0000000000006ac8                nrfx_power_clock_irq_handler
 .text.nrf_gpio_pin_port_decode
                0x0000000000006b2c       0x1c modules/hal_nordic/nrfx/libmodules__hal_nordic__nrfx.a(nrfx_gpiote.c.obj)
 .text.pin_in_use_by_te
                0x0000000000006b48       0x14 modules/hal_nordic/nrfx/libmodules__hal_nordic__nrfx.a(nrfx_gpiote.c.obj)
 .text.call_handler
                0x0000000000006b5c       0x3c modules/hal_nordic/nrfx/libmodules__hal_nordic__nrfx.a(nrfx_gpiote.c.obj)
 .text.release_handler
                0x0000000000006b98       0x58 modules/hal_nordic/nrfx/libmodules__hal_nordic__nrfx.a(nrfx_gpiote.c.obj)
 .text.pin_handler_trigger_uninit
                0x0000000000006bf0       0x38 modules/hal_nordic/nrfx/libmodules__hal_nordic__nrfx.a(nrfx_gpiote.c.obj)
 .text.nrfx_gpiote_input_configure
                0x0000000000006c28      0x15c modules/hal_nordic/nrfx/libmodules__hal_nordic__nrfx.a(nrfx_gpiote.c.obj)
                0x0000000000006c28                nrfx_gpiote_input_configure
 .text.nrfx_gpiote_output_configure
                0x0000000000006d84       0xe4 modules/hal_nordic/nrfx/libmodules__hal_nordic__nrfx.a(nrfx_gpiote.c.obj)
                0x0000000000006d84                nrfx_gpiote_output_configure
 .text.nrfx_gpiote_global_callback_set
                0x0000000000006e68        0xc modules/hal_nordic/nrfx/libmodules__hal_nordic__nrfx.a(nrfx_gpiote.c.obj)
                0x0000000000006e68                nrfx_gpiote_global_callback_set
 .text.nrfx_gpiote_channel_get
                0x0000000000006e74       0x2c modules/hal_nordic/nrfx/libmodules__hal_nordic__nrfx.a(nrfx_gpiote.c.obj)
                0x0000000000006e74                nrfx_gpiote_channel_get
 .text.nrfx_gpiote_init
                0x0000000000006ea0       0x50 modules/hal_nordic/nrfx/libmodules__hal_nordic__nrfx.a(nrfx_gpiote.c.obj)
                0x0000000000006ea0                nrfx_gpiote_init
 .text.nrfx_gpiote_is_init
                0x0000000000006ef0       0x14 modules/hal_nordic/nrfx/libmodules__hal_nordic__nrfx.a(nrfx_gpiote.c.obj)
                0x0000000000006ef0                nrfx_gpiote_is_init
 .text.nrfx_gpiote_channel_free
                0x0000000000006f04        0xc modules/hal_nordic/nrfx/libmodules__hal_nordic__nrfx.a(nrfx_gpiote.c.obj)
                0x0000000000006f04                nrfx_gpiote_channel_free
 .text.nrfx_gpiote_channel_alloc
                0x0000000000006f10        0xc modules/hal_nordic/nrfx/libmodules__hal_nordic__nrfx.a(nrfx_gpiote.c.obj)
                0x0000000000006f10                nrfx_gpiote_channel_alloc
 .text.nrfx_gpiote_trigger_enable
                0x0000000000006f1c       0x90 modules/hal_nordic/nrfx/libmodules__hal_nordic__nrfx.a(nrfx_gpiote.c.obj)
                0x0000000000006f1c                nrfx_gpiote_trigger_enable
 .text.nrfx_gpiote_trigger_disable
                0x0000000000006fac       0x50 modules/hal_nordic/nrfx/libmodules__hal_nordic__nrfx.a(nrfx_gpiote.c.obj)
                0x0000000000006fac                nrfx_gpiote_trigger_disable
 .text.nrfx_gpiote_pin_uninit
                0x0000000000006ffc       0x48 modules/hal_nordic/nrfx/libmodules__hal_nordic__nrfx.a(nrfx_gpiote.c.obj)
                0x0000000000006ffc                nrfx_gpiote_pin_uninit
 .text.nrfx_gpiote_irq_handler
                0x0000000000007044      0x1bc modules/hal_nordic/nrfx/libmodules__hal_nordic__nrfx.a(nrfx_gpiote.c.obj)
                0x0000000000007044                nrfx_gpiote_irq_handler
 .text.twi_tx_start_transfer
                0x0000000000007200      0x104 modules/hal_nordic/nrfx/libmodules__hal_nordic__nrfx.a(nrfx_twi.c.obj)
 .text.twi_rx_start_transfer
                0x0000000000007304       0xe4 modules/hal_nordic/nrfx/libmodules__hal_nordic__nrfx.a(nrfx_twi.c.obj)
 .text.nrfx_twi_init
                0x00000000000073e8       0xc4 modules/hal_nordic/nrfx/libmodules__hal_nordic__nrfx.a(nrfx_twi.c.obj)
                0x00000000000073e8                nrfx_twi_init
 .text.nrfx_twi_enable
                0x00000000000074ac       0x20 modules/hal_nordic/nrfx/libmodules__hal_nordic__nrfx.a(nrfx_twi.c.obj)
                0x00000000000074ac                nrfx_twi_enable
 .text.nrfx_twi_disable
                0x00000000000074cc       0x38 modules/hal_nordic/nrfx/libmodules__hal_nordic__nrfx.a(nrfx_twi.c.obj)
                0x00000000000074cc                nrfx_twi_disable
 .text.nrfx_twi_xfer
                0x0000000000007504       0xdc modules/hal_nordic/nrfx/libmodules__hal_nordic__nrfx.a(nrfx_twi.c.obj)
                0x0000000000007504                nrfx_twi_xfer
 .text.nrfx_twi_0_irq_handler
                0x00000000000075e0       0xd8 modules/hal_nordic/nrfx/libmodules__hal_nordic__nrfx.a(nrfx_twi.c.obj)
                0x00000000000075e0                nrfx_twi_0_irq_handler
 .text.nrf_gpio_pin_port_decode
                0x00000000000076b8       0x1c modules/hal_nordic/nrfx/libmodules__hal_nordic__nrfx.a(nrfx_twi_twim.c.obj)
 .text.nrfx_twi_twim_bus_recover
                0x00000000000076d4       0xc8 modules/hal_nordic/nrfx/libmodules__hal_nordic__nrfx.a(nrfx_twi_twim.c.obj)
                0x00000000000076d4                nrfx_twi_twim_bus_recover
 .text._DoInit  0x000000000000779c       0x60 modules/segger/libmodules__segger.a(SEGGER_RTT.c.obj)
 .text.SEGGER_RTT_WriteSkipNoLock
                0x00000000000077fc       0x90 modules/segger/libmodules__segger.a(SEGGER_RTT.c.obj)
                0x00000000000077fc                SEGGER_RTT_WriteSkipNoLock
 .text.SEGGER_RTT_WriteNoLock
                0x000000000000788c       0x58 modules/segger/libmodules__segger.a(SEGGER_RTT.c.obj)
                0x000000000000788c                SEGGER_RTT_WriteNoLock
 .text.SEGGER_RTT_HasDataUp
                0x00000000000078e4       0x14 modules/segger/libmodules__segger.a(SEGGER_RTT.c.obj)
                0x00000000000078e4                SEGGER_RTT_HasDataUp
 .text.zephyr_rtt_mutex_lock
                0x00000000000078f8       0x14 modules/segger/libmodules__segger.a(SEGGER_RTT_zephyr.c.obj)
                0x00000000000078f8                zephyr_rtt_mutex_lock
 .text.zephyr_rtt_mutex_unlock
                0x000000000000790c        0xc modules/segger/libmodules__segger.a(SEGGER_RTT_zephyr.c.obj)
                0x000000000000790c                zephyr_rtt_mutex_unlock
 .text.z_impl_z_errno
                0x0000000000007918        0xc zephyr/kernel/libkernel.a(errno.c.obj)
                0x0000000000007918                z_impl_z_errno
 .text.z_fatal_error
                0x0000000000007924       0xc8 zephyr/kernel/libkernel.a(fatal.c.obj)
                0x0000000000007924                z_fatal_error
 .text.z_sys_init_run_level
                0x00000000000079ec       0x44 zephyr/kernel/libkernel.a(init.c.obj)
 .text.bg_thread_main
                0x0000000000007a30       0x34 zephyr/kernel/libkernel.a(init.c.obj)
 .text.z_bss_zero
                0x0000000000007a64       0x18 zephyr/kernel/libkernel.a(init.c.obj)
                0x0000000000007a64                z_bss_zero
 .text.z_init_cpu
                0x0000000000007a7c       0x70 zephyr/kernel/libkernel.a(init.c.obj)
                0x0000000000007a7c                z_init_cpu
 .text.z_cstart
                0x0000000000007aec       0xe0 zephyr/kernel/libkernel.a(init.c.obj)
                0x0000000000007aec                z_cstart
 .text.z_setup_new_thread
                0x0000000000007bcc       0x64 zephyr/kernel/libkernel.a(thread.c.obj)
                0x0000000000007bcc                z_setup_new_thread
 .text.z_init_static_threads
                0x0000000000007c30       0xb8 zephyr/kernel/libkernel.a(thread.c.obj)
                0x0000000000007c30                z_init_static_threads
 .text.idle     0x0000000000007ce8       0x38 zephyr/kernel/libkernel.a(idle.c.obj)
                0x0000000000007ce8                idle
 .text.z_impl_k_mutex_lock
                0x0000000000007d20       0xf4 zephyr/kernel/libkernel.a(mutex.c.obj)
                0x0000000000007d20                z_impl_k_mutex_lock
 .text.z_impl_k_mutex_unlock
                0x0000000000007e14       0x78 zephyr/kernel/libkernel.a(mutex.c.obj)
                0x0000000000007e14                z_impl_k_mutex_unlock
 .text.z_impl_k_sem_give
                0x0000000000007e8c       0x40 zephyr/kernel/libkernel.a(sem.c.obj)
                0x0000000000007e8c                z_impl_k_sem_give
 .text.z_impl_k_sem_take
                0x0000000000007ecc       0x50 zephyr/kernel/libkernel.a(sem.c.obj)
                0x0000000000007ecc                z_impl_k_sem_take
 .text.z_reset_time_slice
                0x0000000000007f1c       0x28 zephyr/kernel/libkernel.a(sched.c.obj)
                0x0000000000007f1c                z_reset_time_slice
 .text.update_cache
                0x0000000000007f44       0x3c zephyr/kernel/libkernel.a(sched.c.obj)
 .text.move_thread_to_end_of_prio_q
                0x0000000000007f80       0x74 zephyr/kernel/libkernel.a(sched.c.obj)
 .text.ready_thread
                0x0000000000007ff4       0x68 zephyr/kernel/libkernel.a(sched.c.obj)
 .text.unready_thread
                0x000000000000805c       0x30 zephyr/kernel/libkernel.a(sched.c.obj)
 .text.pend_locked
                0x000000000000808c       0x30 zephyr/kernel/libkernel.a(sched.c.obj)
 .text.k_sched_time_slice_set
                0x00000000000080bc       0x64 zephyr/kernel/libkernel.a(sched.c.obj)
                0x00000000000080bc                k_sched_time_slice_set
 .text.z_time_slice
                0x0000000000008120       0x84 zephyr/kernel/libkernel.a(sched.c.obj)
                0x0000000000008120                z_time_slice
 .text.z_pend_curr
                0x00000000000081a4       0x3c zephyr/kernel/libkernel.a(sched.c.obj)
                0x00000000000081a4                z_pend_curr
 .text.z_set_prio
                0x00000000000081e0       0x8c zephyr/kernel/libkernel.a(sched.c.obj)
                0x00000000000081e0                z_set_prio
 .text.z_reschedule
                0x000000000000826c       0x24 zephyr/kernel/libkernel.a(sched.c.obj)
                0x000000000000826c                z_reschedule
 .text.z_sched_start
                0x0000000000008290       0x3c zephyr/kernel/libkernel.a(sched.c.obj)
                0x0000000000008290                z_sched_start
 .text.z_impl_k_thread_suspend
                0x00000000000082cc       0x64 zephyr/kernel/libkernel.a(sched.c.obj)
                0x00000000000082cc                z_impl_k_thread_suspend
 .text.k_sched_lock
                0x0000000000008330       0x28 zephyr/kernel/libkernel.a(sched.c.obj)
                0x0000000000008330                k_sched_lock
 .text.k_sched_unlock
                0x0000000000008358       0x38 zephyr/kernel/libkernel.a(sched.c.obj)
                0x0000000000008358                k_sched_unlock
 .text.z_sched_init
                0x0000000000008390       0x18 zephyr/kernel/libkernel.a(sched.c.obj)
                0x0000000000008390                z_sched_init
 .text.z_impl_k_yield
                0x00000000000083a8       0x7c zephyr/kernel/libkernel.a(sched.c.obj)
                0x00000000000083a8                z_impl_k_yield
 .text.z_tick_sleep
                0x0000000000008424       0x88 zephyr/kernel/libkernel.a(sched.c.obj)
 .text.z_impl_k_sleep
                0x00000000000084ac       0x34 zephyr/kernel/libkernel.a(sched.c.obj)
                0x00000000000084ac                z_impl_k_sleep
 .text.z_impl_z_current_get
                0x00000000000084e0        0xc zephyr/kernel/libkernel.a(sched.c.obj)
                0x00000000000084e0                z_impl_z_current_get
 .text.z_thread_abort
                0x00000000000084ec       0xc0 zephyr/kernel/libkernel.a(sched.c.obj)
                0x00000000000084ec                z_thread_abort
 .text.z_data_copy
                0x00000000000085ac       0x34 zephyr/kernel/libkernel.a(xip.c.obj)
                0x00000000000085ac                z_data_copy
 .text.elapsed  0x00000000000085e0       0x14 zephyr/kernel/libkernel.a(timeout.c.obj)
 .text.next_timeout
                0x00000000000085f4       0x50 zephyr/kernel/libkernel.a(timeout.c.obj)
 .text.remove_timeout
                0x0000000000008644       0x38 zephyr/kernel/libkernel.a(timeout.c.obj)
 .text.z_add_timeout
                0x000000000000867c       0xfc zephyr/kernel/libkernel.a(timeout.c.obj)
                0x000000000000867c                z_add_timeout
 .text.sys_clock_announce
                0x0000000000008778       0xb4 zephyr/kernel/libkernel.a(timeout.c.obj)
                0x0000000000008778                sys_clock_announce
 .text.sys_clock_tick_get
                0x000000000000882c       0x34 zephyr/kernel/libkernel.a(timeout.c.obj)
                0x000000000000882c                sys_clock_tick_get
 .text.boot_banner
                0x0000000000008860        0xc zephyr/kernel/libkernel.a(banner.c.obj)
                0x0000000000008860                boot_banner
 .text.pow      0x000000000000886c      0x160 C:/ncs/toolchains/v2.3.0/opt/zephyr-sdk/arm-zephyr-eabi/arm-zephyr-eabi/lib/thumb/v7e-m+fp/hard\libm_nano.a(lib_a-w_pow.o)
                0x000000000000886c                pow
 .text.sqrt     0x00000000000089cc       0x68 C:/ncs/toolchains/v2.3.0/opt/zephyr-sdk/arm-zephyr-eabi/arm-zephyr-eabi/lib/thumb/v7e-m+fp/hard\libm_nano.a(lib_a-w_sqrt.o)
                0x00000000000089cc                sqrt
 .text.__ieee754_sqrt
                0x0000000000008a34      0x170 C:/ncs/toolchains/v2.3.0/opt/zephyr-sdk/arm-zephyr-eabi/arm-zephyr-eabi/lib/thumb/v7e-m+fp/hard\libm_nano.a(lib_a-e_sqrt.o)
                0x0000000000008a34                __ieee754_sqrt
 .text.rint     0x0000000000008ba4      0x118 C:/ncs/toolchains/v2.3.0/opt/zephyr-sdk/arm-zephyr-eabi/arm-zephyr-eabi/lib/thumb/v7e-m+fp/hard\libm_nano.a(lib_a-s_rint.o)
                0x0000000000008ba4                rint
 .text.z_log_msg_runtime_create.constprop.0
                0x0000000000008cbc       0x1e app/libapp.a(I2C_Functions.c.obj)
 .text.CheckAdjacentPixels
                0x0000000000008cda       0x32 app/libapp.a(MLX90640_API.c.obj)
 .text.MLX90640_DumpEE
                0x0000000000008d0c        0xe app/libapp.a(MLX90640_API.c.obj)
                0x0000000000008d0c                MLX90640_DumpEE
 .text.MLX90640_SynchFrame
                0x0000000000008d1a       0x30 app/libapp.a(MLX90640_API.c.obj)
                0x0000000000008d1a                MLX90640_SynchFrame
 .text.MLX90640_GetFrameData
                0x0000000000008d4a      0x150 app/libapp.a(MLX90640_API.c.obj)
                0x0000000000008d4a                MLX90640_GetFrameData
 .text.MLX90640_SetRefreshRate
                0x0000000000008e9a       0x36 app/libapp.a(MLX90640_API.c.obj)
                0x0000000000008e9a                MLX90640_SetRefreshRate
 .text.z_log_msg_runtime_create.constprop.0
                0x0000000000008ed0       0x1e app/libapp.a(main.c.obj)
 .text.cbpprintf_external
                0x0000000000008eee       0x62 zephyr/libzephyr.a(cbprintf_packaged.c.obj)
                0x0000000000008eee                cbpprintf_external
 .text.arch_printk_char_out
                0x0000000000008f50        0x4 zephyr/libzephyr.a(printk.c.obj)
                0x0000000000008f50                arch_printk_char_out
 .text.printk   0x0000000000008f54       0x1a zephyr/libzephyr.a(printk.c.obj)
                0x0000000000008f54                printk
 .text.z_thread_entry
                0x0000000000008f6e       0x14 zephyr/libzephyr.a(thread_entry.c.obj)
                0x0000000000008f6e                z_thread_entry
 .text.process_recheck
                0x0000000000008f82       0x38 zephyr/libzephyr.a(onoff.c.obj)
 .text.validate_args
                0x0000000000008fba       0x20 zephyr/libzephyr.a(onoff.c.obj)
 .text.notify_one
                0x0000000000008fda       0x2c zephyr/libzephyr.a(onoff.c.obj)
 .text.transition_complete
                0x0000000000009006       0x1e zephyr/libzephyr.a(onoff.c.obj)
 .text.onoff_manager_init
                0x0000000000009024       0x26 zephyr/libzephyr.a(onoff.c.obj)
                0x0000000000009024                onoff_manager_init
 .text.onoff_request
                0x000000000000904a       0xb0 zephyr/libzephyr.a(onoff.c.obj)
                0x000000000000904a                onoff_request
 .text.sys_notify_validate
                0x00000000000090fa       0x22 zephyr/libzephyr.a(notify.c.obj)
                0x00000000000090fa                sys_notify_validate
 .text.sys_notify_finalize
                0x000000000000911c       0x1a zephyr/libzephyr.a(notify.c.obj)
                0x000000000000911c                sys_notify_finalize
 .text._ldiv5   0x0000000000009136       0x30 zephyr/libzephyr.a(cbprintf_complete.c.obj)
 .text._get_digit
                0x0000000000009166       0x2e zephyr/libzephyr.a(cbprintf_complete.c.obj)
 .text.outs     0x0000000000009194       0x2e zephyr/libzephyr.a(cbprintf_complete.c.obj)
 .text._ConfigAbsSyms
                0x00000000000091c2        0x2 zephyr/libzephyr.a(configs.c.obj)
                0x00000000000091c2                _ConfigAbsSyms
 .text.dummy_timestamp
                0x00000000000091c4        0x4 zephyr/libzephyr.a(log_core.c.obj)
 .text.default_get_timestamp
                0x00000000000091c8        0x4 zephyr/libzephyr.a(log_core.c.obj)
 .text.atomic_inc
                0x00000000000091cc       0x1a zephyr/libzephyr.a(log_core.c.obj)
 .text.enable_logger
                0x00000000000091e6        0xe zephyr/libzephyr.a(log_core.c.obj)
 .text.z_log_vprintk
                0x00000000000091f4       0x1c zephyr/libzephyr.a(log_core.c.obj)
                0x00000000000091f4                z_log_vprintk
 .text.z_log_notify_backend_enabled
                0x0000000000009210        0x2 zephyr/libzephyr.a(log_core.c.obj)
                0x0000000000009210                z_log_notify_backend_enabled
 .text.z_log_get_tag
                0x0000000000009212        0x4 zephyr/libzephyr.a(log_core.c.obj)
                0x0000000000009212                z_log_get_tag
 .text.z_log_msg_finalize
                0x0000000000009216       0x34 zephyr/libzephyr.a(log_msg.c.obj)
                0x0000000000009216                z_log_msg_finalize
 .text.out_func
                0x000000000000924a       0x1c zephyr/libzephyr.a(log_output.c.obj)
 .text.cr_out_func
                0x0000000000009266       0x1c zephyr/libzephyr.a(log_output.c.obj)
 .text.buffer_write
                0x0000000000009282       0x1a zephyr/libzephyr.a(log_output.c.obj)
 .text.cbvprintf
                0x000000000000929c        0xe zephyr/libzephyr.a(log_output.c.obj)
 .text.log_output_flush
                0x00000000000092aa       0x1a zephyr/libzephyr.a(log_output.c.obj)
                0x00000000000092aa                log_output_flush
 .text.z_log_msg_runtime_create.constprop.0
                0x00000000000092c4       0x20 zephyr/arch/arch/arm/core/aarch32/libarch__arm__core__aarch32.a(fatal.c.obj)
 .text.z_do_kernel_oops
                0x00000000000092e4        0x8 zephyr/arch/arch/arm/core/aarch32/libarch__arm__core__aarch32.a(fatal.c.obj)
                0x00000000000092e4                z_do_kernel_oops
 .text.z_irq_spurious
                0x00000000000092ec        0x8 zephyr/arch/arch/arm/core/aarch32/libarch__arm__core__aarch32.a(irq_manage.c.obj)
                0x00000000000092ec                z_irq_spurious
 .text.z_arm_nmi
                0x00000000000092f4        0xe zephyr/arch/arch/arm/core/aarch32/libarch__arm__core__aarch32.a(nmi.c.obj)
                0x00000000000092f4                z_arm_nmi
 .text.z_log_msg_runtime_create.constprop.0
                0x0000000000009302       0x20 zephyr/arch/arch/arm/core/aarch32/cortex_m/libarch__arm__core__aarch32__cortex_m.a(fault.c.obj)
 .text.z_log_msg_runtime_create.constprop.0
                0x0000000000009322       0x20 zephyr/arch/arch/arm/core/aarch32/mpu/libarch__arm__core__aarch32__mpu.a(arm_mpu.c.obj)
 .text.malloc_prepare
                0x0000000000009342        0x4 zephyr/lib/libc/newlib/liblib__libc__newlib.a(libc-hooks.c.obj)
 .text._stdout_hook_default
                0x0000000000009346        0x6 zephyr/lib/libc/newlib/liblib__libc__newlib.a(libc-hooks.c.obj)
 .text.__errno  0x000000000000934c        0x4 zephyr/lib/libc/newlib/liblib__libc__newlib.a(libc-hooks.c.obj)
                0x000000000000934c                __errno
 .text.pm_state_set
                0x0000000000009350       0x18 zephyr/soc/arm/nordic_nrf/nrf52/libsoc__arm__nordic_nrf__nrf52.a(power.c.obj)
                0x0000000000009350                pm_state_set
 .text.pm_state_exit_post_ops
                0x0000000000009368        0xc zephyr/soc/arm/nordic_nrf/nrf52/libsoc__arm__nordic_nrf__nrf52.a(power.c.obj)
                0x0000000000009368                pm_state_exit_post_ops
 .text.get_status
                0x0000000000009374       0x12 zephyr/drivers/clock_control/libdrivers__clock_control.a(clock_control_nrf.c.obj)
 .text.set_on_state
                0x0000000000009386       0x26 zephyr/drivers/clock_control/libdrivers__clock_control.a(clock_control_nrf.c.obj)
 .text.stop     0x00000000000093ac       0x52 zephyr/drivers/clock_control/libdrivers__clock_control.a(clock_control_nrf.c.obj)
 .text.api_stop
                0x00000000000093fe        0x6 zephyr/drivers/clock_control/libdrivers__clock_control.a(clock_control_nrf.c.obj)
 .text.async_start
                0x0000000000009404       0x5c zephyr/drivers/clock_control/libdrivers__clock_control.a(clock_control_nrf.c.obj)
 .text.api_start
                0x0000000000009460        0xe zephyr/drivers/clock_control/libdrivers__clock_control.a(clock_control_nrf.c.obj)
 .text.onoff_started_callback
                0x000000000000946e       0x14 zephyr/drivers/clock_control/libdrivers__clock_control.a(clock_control_nrf.c.obj)
 .text.lfclk_start
                0x0000000000009482        0x6 zephyr/drivers/clock_control/libdrivers__clock_control.a(clock_control_nrf.c.obj)
 .text.lfclk_stop
                0x0000000000009488        0x6 zephyr/drivers/clock_control/libdrivers__clock_control.a(clock_control_nrf.c.obj)
 .text.blocking_start_callback
                0x000000000000948e        0x6 zephyr/drivers/clock_control/libdrivers__clock_control.a(clock_control_nrf.c.obj)
 .text.gpio_nrfx_port_get_raw
                0x0000000000009494        0xe zephyr/drivers/gpio/libdrivers__gpio.a(gpio_nrfx.c.obj)
 .text.gpio_nrfx_port_set_masked_raw
                0x00000000000094a2       0x18 zephyr/drivers/gpio/libdrivers__gpio.a(gpio_nrfx.c.obj)
 .text.gpio_nrfx_port_set_bits_raw
                0x00000000000094ba        0xc zephyr/drivers/gpio/libdrivers__gpio.a(gpio_nrfx.c.obj)
 .text.gpio_nrfx_port_clear_bits_raw
                0x00000000000094c6        0xc zephyr/drivers/gpio/libdrivers__gpio.a(gpio_nrfx.c.obj)
 .text.gpio_nrfx_port_toggle_bits
                0x00000000000094d2       0x1a zephyr/drivers/gpio/libdrivers__gpio.a(gpio_nrfx.c.obj)
 .text.gpio_nrfx_manage_callback
                0x00000000000094ec       0x52 zephyr/drivers/gpio/libdrivers__gpio.a(gpio_nrfx.c.obj)
 .text.z_log_msg_runtime_create.constprop.0
                0x000000000000953e       0x20 zephyr/drivers/i2c/libdrivers__i2c.a(i2c_nrfx_twi.c.obj)
 .text.sys_clock_idle_exit
                0x000000000000955e        0x2 zephyr/drivers/timer/libdrivers__timer.a(sys_clock_init.c.obj)
                0x000000000000955e                sys_clock_idle_exit
 .text.event_clear
                0x0000000000009560       0x18 zephyr/drivers/timer/libdrivers__timer.a(nrf_rtc_timer.c.obj)
 .text.sys_clock_cycle_get_32
                0x0000000000009578        0x8 zephyr/drivers/timer/libdrivers__timer.a(nrf_rtc_timer.c.obj)
                0x0000000000009578                sys_clock_cycle_get_32
 .text.pinctrl_lookup_state
                0x0000000000009580       0x26 zephyr/drivers/pinctrl/libdrivers__pinctrl.a(common.c.obj)
                0x0000000000009580                pinctrl_lookup_state
 .text.nrfx_isr
                0x00000000000095a6        0x2 modules/hal_nordic/nrfx/libmodules__hal_nordic__nrfx.a(nrfx_glue.c.obj)
                0x00000000000095a6                nrfx_isr
 .text.nrfx_busy_wait
                0x00000000000095a8        0x4 modules/hal_nordic/nrfx/libmodules__hal_nordic__nrfx.a(nrfx_glue.c.obj)
                0x00000000000095a8                nrfx_busy_wait
 .text.clock_stop
                0x00000000000095ac       0xb4 modules/hal_nordic/nrfx/libmodules__hal_nordic__nrfx.a(nrfx_clock.c.obj)
 .text.nrfx_clock_enable
                0x0000000000009660       0x1a modules/hal_nordic/nrfx/libmodules__hal_nordic__nrfx.a(nrfx_clock.c.obj)
                0x0000000000009660                nrfx_clock_enable
 .text.nrfx_clock_start
                0x000000000000967a       0x78 modules/hal_nordic/nrfx/libmodules__hal_nordic__nrfx.a(nrfx_clock.c.obj)
                0x000000000000967a                nrfx_clock_start
 .text.nrfx_clock_stop
                0x00000000000096f2        0x4 modules/hal_nordic/nrfx/libmodules__hal_nordic__nrfx.a(nrfx_clock.c.obj)
                0x00000000000096f2                nrfx_clock_stop
 .text.nrf_gpio_reconfigure
                0x00000000000096f6       0x92 modules/hal_nordic/nrfx/libmodules__hal_nordic__nrfx.a(nrfx_gpiote.c.obj)
 .text.nrf_gpio_cfg_sense_set
                0x0000000000009788       0x1e modules/hal_nordic/nrfx/libmodules__hal_nordic__nrfx.a(nrfx_gpiote.c.obj)
 .text.twi_transfer
                0x00000000000097a6      0x130 modules/hal_nordic/nrfx/libmodules__hal_nordic__nrfx.a(nrfx_twi.c.obj)
 .text.nrf_gpio_pin_set
                0x00000000000098d6       0x1a modules/hal_nordic/nrfx/libmodules__hal_nordic__nrfx.a(nrfx_twi_twim.c.obj)
 .text._GetAvailWriteSpace
                0x00000000000098f0       0x12 modules/segger/libmodules__segger.a(SEGGER_RTT.c.obj)
 .text._WriteNoCheck
                0x0000000000009902       0x3a modules/segger/libmodules__segger.a(SEGGER_RTT.c.obj)
 .text._WriteBlocking
                0x000000000000993c       0x54 modules/segger/libmodules__segger.a(SEGGER_RTT.c.obj)
 .text.SEGGER_RTT_Init
                0x0000000000009990        0x4 modules/segger/libmodules__segger.a(SEGGER_RTT.c.obj)
                0x0000000000009990                SEGGER_RTT_Init
 .text.rtt_init
                0x0000000000009994        0xa modules/segger/libmodules__segger.a(SEGGER_RTT_zephyr.c.obj)
 .text.z_device_state_init
                0x000000000000999e        0x2 zephyr/kernel/libkernel.a(device.c.obj)
                0x000000000000999e                z_device_state_init
 .text.z_log_msg_runtime_create.constprop.0
                0x00000000000099a0       0x20 zephyr/kernel/libkernel.a(fatal.c.obj)
 .text.z_early_memset
                0x00000000000099c0        0x4 zephyr/kernel/libkernel.a(init.c.obj)
                0x00000000000099c0                z_early_memset
 .text.z_early_memcpy
                0x00000000000099c4        0x4 zephyr/kernel/libkernel.a(init.c.obj)
                0x00000000000099c4                z_early_memcpy
 .text.k_is_in_isr
                0x00000000000099c8        0xc zephyr/kernel/libkernel.a(thread.c.obj)
                0x00000000000099c8                k_is_in_isr
 .text.k_thread_name_get
                0x00000000000099d4        0x4 zephyr/kernel/libkernel.a(thread.c.obj)
                0x00000000000099d4                k_thread_name_get
 .text.z_pm_save_idle_exit
                0x00000000000099d8        0xe zephyr/kernel/libkernel.a(idle.c.obj)
                0x00000000000099d8                z_pm_save_idle_exit
 .text.adjust_owner_prio.isra.0
                0x00000000000099e6       0x10 zephyr/kernel/libkernel.a(mutex.c.obj)
 .text.sys_dlist_remove
                0x00000000000099f6       0x10 zephyr/kernel/libkernel.a(sched.c.obj)
 .text.unpend_thread_no_timeout
                0x0000000000009a06       0x14 zephyr/kernel/libkernel.a(sched.c.obj)
 .text.z_thread_timeout
                0x0000000000009a1a       0x44 zephyr/kernel/libkernel.a(sched.c.obj)
                0x0000000000009a1a                z_thread_timeout
 .text.add_to_waitq_locked
                0x0000000000009a5e       0x50 zephyr/kernel/libkernel.a(sched.c.obj)
 .text.z_ready_thread
                0x0000000000009aae       0x20 zephyr/kernel/libkernel.a(sched.c.obj)
                0x0000000000009aae                z_ready_thread
 .text.z_unpend_first_thread
                0x0000000000009ace       0x38 zephyr/kernel/libkernel.a(sched.c.obj)
                0x0000000000009ace                z_unpend_first_thread
 .text.z_reschedule_irqlock
                0x0000000000009b06       0x18 zephyr/kernel/libkernel.a(sched.c.obj)
                0x0000000000009b06                z_reschedule_irqlock
 .text.z_reschedule_unlocked
                0x0000000000009b1e       0x14 zephyr/kernel/libkernel.a(sched.c.obj)
 .text.z_abort_timeout
                0x0000000000009b32       0x2c zephyr/kernel/libkernel.a(timeout.c.obj)
                0x0000000000009b32                z_abort_timeout
 .text.z_get_next_timeout_expiry
                0x0000000000009b5e       0x20 zephyr/kernel/libkernel.a(timeout.c.obj)
                0x0000000000009b5e                z_get_next_timeout_expiry
 .text.z_set_timeout_expiry
                0x0000000000009b7e       0x38 zephyr/kernel/libkernel.a(timeout.c.obj)
                0x0000000000009b7e                z_set_timeout_expiry
 .text.sys_clock_tick_get_32
                0x0000000000009bb6        0x8 zephyr/kernel/libkernel.a(timeout.c.obj)
                0x0000000000009bb6                sys_clock_tick_get_32
 .text.z_impl_k_busy_wait
                0x0000000000009bbe        0x8 zephyr/kernel/libkernel.a(timeout.c.obj)
                0x0000000000009bbe                z_impl_k_busy_wait
 .text._OffsetAbsSyms
                0x0000000000009bc6        0x2 zephyr/CMakeFiles/offsets.dir/./arch/arm/core/offsets/offsets.c.obj
                0x0000000000009bc6                _OffsetAbsSyms
 .text.fabs     0x0000000000009bc8       0x10 C:/ncs/toolchains/v2.3.0/opt/zephyr-sdk/arm-zephyr-eabi/arm-zephyr-eabi/lib/thumb/v7e-m+fp/hard\libm_nano.a(lib_a-s_fabs.o)
                0x0000000000009bc8                fabs
 .text.finite   0x0000000000009bd8       0x16 C:/ncs/toolchains/v2.3.0/opt/zephyr-sdk/arm-zephyr-eabi/arm-zephyr-eabi/lib/thumb/v7e-m+fp/hard\libm_nano.a(lib_a-s_finite.o)
                0x0000000000009bd8                finite
 .text.memcpy   0x0000000000009bee       0x1c C:/ncs/toolchains/v2.3.0/opt/zephyr-sdk/arm-zephyr-eabi/arm-zephyr-eabi/lib/thumb/v7e-m+fp/hard\libc_nano.a(lib_a-memcpy-stub.o)
                0x0000000000009bee                memcpy
 .text.memset   0x0000000000009c0a       0x10 C:/ncs/toolchains/v2.3.0/opt/zephyr-sdk/arm-zephyr-eabi/arm-zephyr-eabi/lib/thumb/v7e-m+fp/hard\libc_nano.a(lib_a-memset.o)
                0x0000000000009c0a                memset
 .text.strnlen  0x0000000000009c1a       0x18 C:/ncs/toolchains/v2.3.0/opt/zephyr-sdk/arm-zephyr-eabi/arm-zephyr-eabi/lib/thumb/v7e-m+fp/hard\libc_nano.a(lib_a-strnlen.o)
                0x0000000000009c1a                strnlen
 *(SORT_BY_ALIGNMENT(.TEXT.*))
 *(SORT_BY_ALIGNMENT(.gnu.linkonce.t.*))
 *(SORT_BY_ALIGNMENT(.glue_7t))
 .glue_7t       0x0000000000009c32        0x0 linker stubs
 *(SORT_BY_ALIGNMENT(.glue_7))
 .glue_7        0x0000000000009c32        0x0 linker stubs
 *(SORT_BY_ALIGNMENT(.vfp11_veneer))
 .vfp11_veneer  0x0000000000009c32        0x0 linker stubs
 *(SORT_BY_ALIGNMENT(.v4_bx))
 .v4_bx         0x0000000000009c32        0x0 linker stubs
                0x0000000000009c34                . = ALIGN (0x4)
 *fill*         0x0000000000009c32        0x2 
                0x0000000000009c34                __text_region_end = .

.ARM.exidx      0x0000000000009c34        0x8
                0x0000000000009c34                __exidx_start = .
 *(SORT_BY_ALIGNMENT(.ARM.exidx*) SORT_BY_ALIGNMENT(gnu.linkonce.armexidx.*))
 .ARM.exidx     0x0000000000009c34        0x8 c:/ncs/toolchains/v2.3.0/opt/zephyr-sdk/arm-zephyr-eabi/bin/../lib/gcc/arm-zephyr-eabi/12.1.0/thumb/v7e-m+fp/hard\libgcc.a(_udivmoddi4.o)
                0x0000000000009c3c                __exidx_end = .
                0x0000000000009c3c                __rodata_region_start = .

initlevel       0x0000000000009c3c       0x50
                0x0000000000009c3c                __init_start = .
                0x0000000000009c3c                __init_EARLY_start = .
 *(SORT_BY_NAME(SORT_BY_ALIGNMENT(.z_init_EARLY[0-9]_*)))
 *(SORT_BY_NAME(SORT_BY_ALIGNMENT(.z_init_EARLY[1-9][0-9]_*)))
                0x0000000000009c3c                __init_PRE_KERNEL_1_start = .
 *(SORT_BY_NAME(SORT_BY_ALIGNMENT(.z_init_PRE_KERNEL_1[0-9]_*)))
 .z_init_PRE_KERNEL_10_
                0x0000000000009c3c        0x8 zephyr/soc/arm/nordic_nrf/nrf52/libsoc__arm__nordic_nrf__nrf52.a(soc.c.obj)
 *(SORT_BY_NAME(SORT_BY_ALIGNMENT(.z_init_PRE_KERNEL_1[1-9][0-9]_*)))
 .z_init_PRE_KERNEL_130_
                0x0000000000009c44        0x8 zephyr/drivers/clock_control/libdrivers__clock_control.a(clock_control_nrf.c.obj)
 .z_init_PRE_KERNEL_130_
                0x0000000000009c4c        0x8 modules/segger/libmodules__segger.a(SEGGER_RTT_zephyr.c.obj)
 .z_init_PRE_KERNEL_140_
                0x0000000000009c54        0x8 zephyr/drivers/console/libdrivers__console.a(rtt_console.c.obj)
 .z_init_PRE_KERNEL_140_
                0x0000000000009c5c       0x10 zephyr/drivers/gpio/libdrivers__gpio.a(gpio_nrfx.c.obj)
                0x0000000000009c6c                __init_PRE_KERNEL_2_start = .
 *(SORT_BY_NAME(SORT_BY_ALIGNMENT(.z_init_PRE_KERNEL_2[0-9]_*)))
 .z_init_PRE_KERNEL_20_
                0x0000000000009c6c        0x8 zephyr/drivers/timer/libdrivers__timer.a(nrf_rtc_timer.c.obj)
 *(SORT_BY_NAME(SORT_BY_ALIGNMENT(.z_init_PRE_KERNEL_2[1-9][0-9]_*)))
                0x0000000000009c74                __init_POST_KERNEL_start = .
 *(SORT_BY_NAME(SORT_BY_ALIGNMENT(.z_init_POST_KERNEL[0-9]_*)))
 .z_init_POST_KERNEL0_
                0x0000000000009c74        0x8 zephyr/libzephyr.a(log_core.c.obj)
 *(SORT_BY_NAME(SORT_BY_ALIGNMENT(.z_init_POST_KERNEL[1-9][0-9]_*)))
 .z_init_POST_KERNEL40_
                0x0000000000009c7c        0x8 zephyr/lib/libc/newlib/liblib__libc__newlib.a(libc-hooks.c.obj)
 .z_init_POST_KERNEL50_
                0x0000000000009c84        0x8 zephyr/drivers/i2c/libdrivers__i2c.a(i2c_nrfx_twi.c.obj)
                0x0000000000009c8c                __init_APPLICATION_start = .
 *(SORT_BY_NAME(SORT_BY_ALIGNMENT(.z_init_APPLICATION[0-9]_*)))
 *(SORT_BY_NAME(SORT_BY_ALIGNMENT(.z_init_APPLICATION[1-9][0-9]_*)))
                0x0000000000009c8c                __init_SMP_start = .
 *(SORT_BY_NAME(SORT_BY_ALIGNMENT(.z_init_SMP[0-9]_*)))
 *(SORT_BY_NAME(SORT_BY_ALIGNMENT(.z_init_SMP[1-9][0-9]_*)))
                0x0000000000009c8c                __init_end = .

devices         0x0000000000009c8c       0x60
                0x0000000000009c8c                __device_start = .
                0x0000000000009c8c                __device_EARLY_start = .
 *(SORT_BY_NAME(SORT_BY_ALIGNMENT(.z_device_EARLY[0-9]_*)))
 *(SORT_BY_NAME(SORT_BY_ALIGNMENT(.z_device_EARLY[1-9][0-9]_*)))
                0x0000000000009c8c                __device_PRE_KERNEL_1_start = .
 *(SORT_BY_NAME(SORT_BY_ALIGNMENT(.z_device_PRE_KERNEL_1[0-9]_*)))
 *(SORT_BY_NAME(SORT_BY_ALIGNMENT(.z_device_PRE_KERNEL_1[1-9][0-9]_*)))
 .z_device_PRE_KERNEL_130_
                0x0000000000009c8c       0x18 zephyr/drivers/clock_control/libdrivers__clock_control.a(clock_control_nrf.c.obj)
                0x0000000000009c8c                __device_dts_ord_64
 .z_device_PRE_KERNEL_140_
                0x0000000000009ca4       0x30 zephyr/drivers/gpio/libdrivers__gpio.a(gpio_nrfx.c.obj)
                0x0000000000009ca4                __device_dts_ord_74
                0x0000000000009cbc                __device_dts_ord_10
                0x0000000000009cd4                __device_PRE_KERNEL_2_start = .
 *(SORT_BY_NAME(SORT_BY_ALIGNMENT(.z_device_PRE_KERNEL_2[0-9]_*)))
 *(SORT_BY_NAME(SORT_BY_ALIGNMENT(.z_device_PRE_KERNEL_2[1-9][0-9]_*)))
                0x0000000000009cd4                __device_POST_KERNEL_start = .
 *(SORT_BY_NAME(SORT_BY_ALIGNMENT(.z_device_POST_KERNEL[0-9]_*)))
 *(SORT_BY_NAME(SORT_BY_ALIGNMENT(.z_device_POST_KERNEL[1-9][0-9]_*)))
 .z_device_POST_KERNEL50_
                0x0000000000009cd4       0x18 zephyr/drivers/i2c/libdrivers__i2c.a(i2c_nrfx_twi.c.obj)
                0x0000000000009cd4                __device_dts_ord_76
                0x0000000000009cec                __device_APPLICATION_start = .
 *(SORT_BY_NAME(SORT_BY_ALIGNMENT(.z_device_APPLICATION[0-9]_*)))
 *(SORT_BY_NAME(SORT_BY_ALIGNMENT(.z_device_APPLICATION[1-9][0-9]_*)))
                0x0000000000009cec                __device_SMP_start = .
 *(SORT_BY_NAME(SORT_BY_ALIGNMENT(.z_device_SMP[0-9]_*)))
 *(SORT_BY_NAME(SORT_BY_ALIGNMENT(.z_device_SMP[1-9][0-9]_*)))
                0x0000000000009cec                __device_end = .

sw_isr_table    0x0000000000009cec      0x180
                0x0000000000009cec                . = ALIGN (0x4)
 *(SORT_BY_ALIGNMENT(.gnu.linkonce.sw_isr_table*))
 .gnu.linkonce.sw_isr_table
                0x0000000000009cec      0x180 zephyr/arch/common/libisr_tables.a(isr_tables.c.obj)
                0x0000000000009cec                _sw_isr_table

initlevel_error
                0x0000000000009c3c        0x0
 *(SORT_BY_NAME(SORT_BY_ALIGNMENT(.z_init_[_A-Z0-9]*)))
                0x0000000000000001                ASSERT ((SIZEOF (initlevel_error) == 0x0), Undefined initialization levels used.)

app_shmem_regions
                0x0000000000009e6c        0x0
                0x0000000000009e6c                __app_shmem_regions_start = .
 *(SORT_BY_NAME(SORT_BY_ALIGNMENT(.app_regions.*)))
                0x0000000000009e6c                __app_shmem_regions_end = .

k_p4wq_initparam_area
                0x0000000000009e6c        0x0
                0x0000000000009e6c                _k_p4wq_initparam_list_start = .
 *(SORT_BY_NAME(SORT_BY_ALIGNMENT(._k_p4wq_initparam.static.*)))
                0x0000000000009e6c                _k_p4wq_initparam_list_end = .

_static_thread_data_area
                0x0000000000009e6c        0x0
                0x0000000000009e6c                __static_thread_data_list_start = .
 *(SORT_BY_NAME(SORT_BY_ALIGNMENT(.__static_thread_data.static.*)))
                0x0000000000009e6c                __static_thread_data_list_end = .

device_handles  0x0000000000009e6c       0x18
                0x0000000000009e6c                __device_handles_start = .
 *(SORT_BY_NAME(SORT_BY_ALIGNMENT(.__device_handles_pass2*)))
 .__device_handles_pass2
                0x0000000000009e6c       0x18 zephyr/CMakeFiles/zephyr_pre1.dir/dev_handles.c.obj
                0x0000000000009e6c                __devicehdl_dts_ord_76
                0x0000000000009e72                __devicehdl_dts_ord_10
                0x0000000000009e78                __devicehdl_dts_ord_74
                0x0000000000009e7e                __devicehdl_dts_ord_64
                0x0000000000009e84                __device_handles_end = .

ztest           0x0000000000009e84        0x0
                0x0000000000009e84                _ztest_expected_result_entry_list_start = .
 *(SORT_BY_NAME(SORT_BY_ALIGNMENT(._ztest_expected_result_entry.static.*)))
                0x0000000000009e84                _ztest_expected_result_entry_list_end = .
                0x0000000000009e84                _ztest_suite_node_list_start = .
 *(SORT_BY_NAME(SORT_BY_ALIGNMENT(._ztest_suite_node.static.*)))
                0x0000000000009e84                _ztest_suite_node_list_end = .
                0x0000000000009e84                _ztest_unit_test_list_start = .
 *(SORT_BY_NAME(SORT_BY_ALIGNMENT(._ztest_unit_test.static.*)))
                0x0000000000009e84                _ztest_unit_test_list_end = .
                0x0000000000009e84                _ztest_test_rule_list_start = .
 *(SORT_BY_NAME(SORT_BY_ALIGNMENT(._ztest_test_rule.static.*)))
                0x0000000000009e84                _ztest_test_rule_list_end = .

bt_l2cap_fixed_chan_area
                0x0000000000009e84        0x0
                0x0000000000009e84                _bt_l2cap_fixed_chan_list_start = .
 *(SORT_BY_NAME(SORT_BY_ALIGNMENT(._bt_l2cap_fixed_chan.static.*)))
                0x0000000000009e84                _bt_l2cap_fixed_chan_list_end = .

bt_gatt_service_static_area
                0x0000000000009e84        0x0
                0x0000000000009e84                _bt_gatt_service_static_list_start = .
 *(SORT_BY_NAME(SORT_BY_ALIGNMENT(._bt_gatt_service_static.static.*)))
                0x0000000000009e84                _bt_gatt_service_static_list_end = .

log_strings_sections
                0x0000000000009e84        0x0
                0x0000000000009e84                __log_strings_start = .
 *(SORT_BY_NAME(SORT_BY_ALIGNMENT(.log_strings*)))
                0x0000000000009e84                __log_strings_end = .

log_const_sections
                0x0000000000009e84       0x78
                0x0000000000009e84                __log_const_start = .
 *(SORT_BY_NAME(SORT_BY_ALIGNMENT(.log_const_*)))
 .log_const_NRFX_CLOCK
                0x0000000000009e84        0x8 modules/hal_nordic/nrfx/libmodules__hal_nordic__nrfx.a(nrfx_clock.c.obj)
                0x0000000000009e84                log_const_NRFX_CLOCK
 .log_const_NRFX_GPIOTE
                0x0000000000009e8c        0x8 modules/hal_nordic/nrfx/libmodules__hal_nordic__nrfx.a(nrfx_gpiote.c.obj)
                0x0000000000009e8c                log_const_NRFX_GPIOTE
 .log_const_NRFX_TWI
                0x0000000000009e94        0x8 modules/hal_nordic/nrfx/libmodules__hal_nordic__nrfx.a(nrfx_twi.c.obj)
                0x0000000000009e94                log_const_NRFX_TWI
 .log_const_cbprintf_package
                0x0000000000009e9c        0x8 zephyr/libzephyr.a(cbprintf_packaged.c.obj)
                0x0000000000009e9c                log_const_cbprintf_package
 .log_const_clock_control
                0x0000000000009ea4        0x8 zephyr/drivers/clock_control/libdrivers__clock_control.a(clock_control_nrf.c.obj)
                0x0000000000009ea4                log_const_clock_control
 .log_const_fatal_error
                0x0000000000009eac        0x8 modules/nrf/lib/fatal_error/lib..__nrf__lib__fatal_error.a(fatal_error.c.obj)
                0x0000000000009eac                log_const_fatal_error
 .log_const_i2c
                0x0000000000009eb4        0x8 zephyr/drivers/i2c/libdrivers__i2c.a(i2c_common.c.obj)
                0x0000000000009eb4                log_const_i2c
 .log_const_i2c_nrfx_twi
                0x0000000000009ebc        0x8 zephyr/drivers/i2c/libdrivers__i2c.a(i2c_nrfx_twi.c.obj)
                0x0000000000009ebc                log_const_i2c_nrfx_twi
 .log_const_log
                0x0000000000009ec4        0x8 zephyr/libzephyr.a(log_core.c.obj)
                0x0000000000009ec4                log_const_log
 .log_const_log_mgmt
                0x0000000000009ecc        0x8 zephyr/libzephyr.a(log_mgmt.c.obj)
                0x0000000000009ecc                log_const_log_mgmt
 .log_const_mpu
                0x0000000000009ed4        0x8 zephyr/arch/arch/arm/core/aarch32/mpu/libarch__arm__core__aarch32__mpu.a(arm_core_mpu.c.obj)
                0x0000000000009ed4                log_const_mpu
 .log_const_os  0x0000000000009edc        0x8 zephyr/kernel/libkernel.a(init.c.obj)
                0x0000000000009edc                log_const_os
 .log_const_pm  0x0000000000009ee4        0x8 zephyr/libzephyr.a(pm.c.obj)
                0x0000000000009ee4                log_const_pm
 .log_const_soc
                0x0000000000009eec        0x8 zephyr/soc/arm/nordic_nrf/nrf52/libsoc__arm__nordic_nrf__nrf52.a(soc.c.obj)
                0x0000000000009eec                log_const_soc
 .log_const_ttpms
                0x0000000000009ef4        0x8 app/libapp.a(main.c.obj)
                0x0000000000009ef4                log_const_ttpms
                0x0000000000009efc                __log_const_end = .

log_backend_area
                0x0000000000009efc       0x10
                0x0000000000009efc                _log_backend_list_start = .
 *(SORT_BY_NAME(SORT_BY_ALIGNMENT(._log_backend.static.*)))
 ._log_backend.static.log_backend_rtt
                0x0000000000009efc       0x10 zephyr/libzephyr.a(log_backend_rtt.c.obj)
                0x0000000000009f0c                _log_backend_list_end = .

log_link_area   0x0000000000009f0c        0x0
                0x0000000000009f0c                _log_link_list_start = .
 *(SORT_BY_NAME(SORT_BY_ALIGNMENT(._log_link.static.*)))
                0x0000000000009f0c                _log_link_list_end = .

tracing_backend_area
                0x0000000000009f0c        0x0
                0x0000000000009f0c                _tracing_backend_list_start = .
 *(SORT_BY_NAME(SORT_BY_ALIGNMENT(._tracing_backend.static.*)))
                0x0000000000009f0c                _tracing_backend_list_end = .

zephyr_dbg_info
 *(SORT_BY_ALIGNMENT(.dbg_thread_info))

symbol_to_keep  0x0000000000009f0c        0x0
                0x0000000000009f0c                __symbol_to_keep_start = .
 *(SORT_BY_NAME(SORT_BY_ALIGNMENT(.symbol_to_keep*)))
                0x0000000000009f0c                __symbol_to_keep_end = .

shell_area      0x0000000000009f0c        0x0
                0x0000000000009f0c                _shell_list_start = .
 *(SORT_BY_NAME(SORT_BY_ALIGNMENT(._shell.static.*)))
                0x0000000000009f0c                _shell_list_end = .

shell_root_cmds_sections
                0x0000000000009f0c        0x0
                0x0000000000009f0c                __shell_root_cmds_start = .
 *(SORT_BY_NAME(SORT_BY_ALIGNMENT(.shell_root_cmd_*)))
                0x0000000000009f0c                __shell_root_cmds_end = .

shell_subcmds_sections
                0x0000000000009f0c        0x0
                0x0000000000009f0c                __shell_subcmds_start = .
 *(SORT_BY_NAME(SORT_BY_ALIGNMENT(.shell_subcmd_*)))
                0x0000000000009f0c                __shell_subcmds_end = .

shell_dynamic_subcmds_sections
                0x0000000000009f0c        0x0
                0x0000000000009f0c                __shell_dynamic_subcmds_start = .
 *(SORT_BY_NAME(SORT_BY_ALIGNMENT(.shell_dynamic_subcmd_*)))
                0x0000000000009f0c                __shell_dynamic_subcmds_end = .

font_entry_sections
                0x0000000000009f0c        0x0
                0x0000000000009f0c                __font_entry_start = .
 *(SORT_BY_NAME(SORT_BY_ALIGNMENT(._cfb_font.*)))
                0x0000000000009f0c                __font_entry_end = .

rodata          0x0000000000009f10      0xc70
 *(SORT_BY_ALIGNMENT(.rodata))
 *(SORT_BY_ALIGNMENT(.rodata.*))
 .rodata.delay_machine_code.0
                0x0000000000009f10        0x6 zephyr/soc/arm/nordic_nrf/nrf52/libsoc__arm__nordic_nrf__nrf52.a(soc.c.obj)
 *fill*         0x0000000000009f16        0x2 
 .rodata.dp_l   0x0000000000009f18       0x10 C:/ncs/toolchains/v2.3.0/opt/zephyr-sdk/arm-zephyr-eabi/arm-zephyr-eabi/lib/thumb/v7e-m+fp/hard\libm_nano.a(lib_a-e_pow.o)
 .rodata.dp_h   0x0000000000009f28       0x10 C:/ncs/toolchains/v2.3.0/opt/zephyr-sdk/arm-zephyr-eabi/arm-zephyr-eabi/lib/thumb/v7e-m+fp/hard\libm_nano.a(lib_a-e_pow.o)
 .rodata.bp     0x0000000000009f38       0x10 C:/ncs/toolchains/v2.3.0/opt/zephyr-sdk/arm-zephyr-eabi/arm-zephyr-eabi/lib/thumb/v7e-m+fp/hard\libm_nano.a(lib_a-e_pow.o)
 .rodata.TWO52  0x0000000000009f48       0x10 C:/ncs/toolchains/v2.3.0/opt/zephyr-sdk/arm-zephyr-eabi/arm-zephyr-eabi/lib/thumb/v7e-m+fp/hard\libm_nano.a(lib_a-s_rint.o)
 .rodata.format_table
                0x0000000000009f58       0x10 zephyr/libzephyr.a(log_core.c.obj)
 .rodata.colors
                0x0000000000009f68       0x14 zephyr/libzephyr.a(log_output.c.obj)
 .rodata.severity
                0x0000000000009f7c       0x14 zephyr/libzephyr.a(log_output.c.obj)
 .rodata.log_backend_rtt_api
                0x0000000000009f90       0x1c zephyr/libzephyr.a(log_backend_rtt.c.obj)
                0x0000000000009f90                log_backend_rtt_api
 .rodata.log_output_rtt
                0x0000000000009fac       0x10 zephyr/libzephyr.a(log_backend_rtt.c.obj)
 .rodata.pmstates_DT_N_S_cpus_S_cpu_0
                0x0000000000009fbc        0x0 zephyr/libzephyr.a(state.c.obj)
 .rodata.static_regions
                0x0000000000009fbc        0xc zephyr/arch/arch/arm/core/aarch32/mpu/libarch__arm__core__aarch32__mpu.a(arm_core_mpu.c.obj)
 .rodata.mpu_config
                0x0000000000009fc8        0x8 zephyr/soc/arm/common/cortex_m/libsoc__arm__common__cortex_m.a(arm_mpu_regions.c.obj)
                0x0000000000009fc8                mpu_config
 .rodata.mpu_regions
                0x0000000000009fd0       0x18 zephyr/soc/arm/common/cortex_m/libsoc__arm__common__cortex_m.a(arm_mpu_regions.c.obj)
 .rodata.transitions.0
                0x0000000000009fe8        0xc zephyr/drivers/clock_control/libdrivers__clock_control.a(clock_control_nrf.c.obj)
 .rodata.config
                0x0000000000009ff4       0x18 zephyr/drivers/clock_control/libdrivers__clock_control.a(clock_control_nrf.c.obj)
 .rodata.clock_control_api
                0x000000000000a00c       0x1c zephyr/drivers/clock_control/libdrivers__clock_control.a(clock_control_nrf.c.obj)
 .rodata.gpio_nrfx_p1_cfg
                0x000000000000a028       0x10 zephyr/drivers/gpio/libdrivers__gpio.a(gpio_nrfx.c.obj)
 .rodata.gpio_nrfx_p0_cfg
                0x000000000000a038       0x10 zephyr/drivers/gpio/libdrivers__gpio.a(gpio_nrfx.c.obj)
 .rodata.gpio_nrfx_drv_api_funcs
                0x000000000000a048       0x24 zephyr/drivers/gpio/libdrivers__gpio.a(gpio_nrfx.c.obj)
 .rodata.twi_0z_config
                0x000000000000a06c       0x1c zephyr/drivers/i2c/libdrivers__i2c.a(i2c_nrfx_twi.c.obj)
 .rodata.__pinctrl_dev_config__device_dts_ord_76
                0x000000000000a088        0xc zephyr/drivers/i2c/libdrivers__i2c.a(i2c_nrfx_twi.c.obj)
 .rodata.__pinctrl_states__device_dts_ord_76
                0x000000000000a094        0x8 zephyr/drivers/i2c/libdrivers__i2c.a(i2c_nrfx_twi.c.obj)
 .rodata.__pinctrl_state_pins_0__device_dts_ord_76
                0x000000000000a09c        0x8 zephyr/drivers/i2c/libdrivers__i2c.a(i2c_nrfx_twi.c.obj)
 .rodata.i2c_nrfx_twi_driver_api
                0x000000000000a0a4       0x18 zephyr/drivers/i2c/libdrivers__i2c.a(i2c_nrfx_twi.c.obj)
 .rodata._k_neg_eagain
                0x000000000000a0bc        0x4 zephyr/kernel/libkernel.a(errno.c.obj)
                0x000000000000a0bc                _k_neg_eagain
 .rodata.CSWTCH.10
                0x000000000000a0c0       0x14 zephyr/kernel/libkernel.a(fatal.c.obj)
 .rodata.levels.0
                0x000000000000a0d4       0x18 zephyr/kernel/libkernel.a(init.c.obj)
 .rodata.MLX90640_I2CRead.str1.1
                0x000000000000a0ec       0x25 app/libapp.a(I2C_Functions.c.obj)
 .rodata.MLX_start.str1.1
                0x000000000000a111      0x15e app/libapp.a(main.c.obj)
 .rodata.main.str1.1
                0x000000000000a26f       0xad app/libapp.a(main.c.obj)
 .rodata.str1.1
                0x000000000000a31c        0x6 app/libapp.a(main.c.obj)
 .rodata.str1.1
                0x000000000000a322       0x11 zephyr/libzephyr.a(cbprintf_packaged.c.obj)
 .rodata.z_cbvprintf_impl.str1.1
                0x000000000000a333        0x6 zephyr/libzephyr.a(cbprintf_complete.c.obj)
 .rodata.str1.1
                0x000000000000a339        0x4 zephyr/libzephyr.a(log_core.c.obj)
 .rodata.str1.1
                0x000000000000a33d        0x9 zephyr/libzephyr.a(log_mgmt.c.obj)
 .rodata.newline_print.str1.1
                0x000000000000a346        0x3 zephyr/libzephyr.a(log_output.c.obj)
                                          0x5 (size before relaxing)
 .rodata.log_output_process.str1.1
                0x000000000000a349       0x4c zephyr/libzephyr.a(log_output.c.obj)
                                         0x51 (size before relaxing)
 .rodata.str1.1
                0x000000000000a395       0x20 zephyr/libzephyr.a(log_output.c.obj)
 .rodata.str1.1
                0x000000000000a3b5       0x10 zephyr/libzephyr.a(log_backend_rtt.c.obj)
 .rodata.str1.1
                0x000000000000a3c5        0x3 zephyr/libzephyr.a(pm.c.obj)
 .rodata.z_arm_fatal_error.str1.1
                0x000000000000a3c8       0xed zephyr/arch/arch/arm/core/aarch32/libarch__arm__core__aarch32.a(fatal.c.obj)
 .rodata.bus_fault.constprop.0.str1.1
                0x000000000000a4b5       0xca zephyr/arch/arch/arm/core/aarch32/cortex_m/libarch__arm__core__aarch32__cortex_m.a(fault.c.obj)
 .rodata.usage_fault.constprop.0.str1.1
                0x000000000000a57f       0xcd zephyr/arch/arch/arm/core/aarch32/cortex_m/libarch__arm__core__aarch32__cortex_m.a(fault.c.obj)
 .rodata.mem_manage_fault.str1.1
                0x000000000000a64c       0x96 zephyr/arch/arch/arm/core/aarch32/cortex_m/libarch__arm__core__aarch32__cortex_m.a(fault.c.obj)
 .rodata.z_arm_fault.str1.1
                0x000000000000a6e2      0x111 zephyr/arch/arch/arm/core/aarch32/cortex_m/libarch__arm__core__aarch32__cortex_m.a(fault.c.obj)
 .rodata.str1.1
                0x000000000000a7f3        0x4 zephyr/arch/arch/arm/core/aarch32/mpu/libarch__arm__core__aarch32__mpu.a(arm_core_mpu.c.obj)
 .rodata.mpu_configure_regions.str1.1
                0x000000000000a7f7       0x49 zephyr/arch/arch/arm/core/aarch32/mpu/libarch__arm__core__aarch32__mpu.a(arm_mpu.c.obj)
 .rodata.str1.1
                0x000000000000a840        0xf zephyr/soc/arm/common/cortex_m/libsoc__arm__common__cortex_m.a(arm_mpu_regions.c.obj)
 .rodata.str1.1
                0x000000000000a84f        0x4 zephyr/soc/arm/nordic_nrf/nrf52/libsoc__arm__nordic_nrf__nrf52.a(soc.c.obj)
 .rodata.str1.1
                0x000000000000a853       0x29 zephyr/drivers/clock_control/libdrivers__clock_control.a(clock_control_nrf.c.obj)
 .rodata.str1.1
                0x000000000000a87c       0x1c zephyr/drivers/gpio/libdrivers__gpio.a(gpio_nrfx.c.obj)
 .rodata.str1.1
                0x000000000000a898        0x4 zephyr/drivers/i2c/libdrivers__i2c.a(i2c_common.c.obj)
 .rodata.i2c_nrfx_twi_configure.str1.1
                0x000000000000a89c       0x12 zephyr/drivers/i2c/libdrivers__i2c.a(i2c_nrfx_twi.c.obj)
 .rodata.twi_0_init.str1.1
                0x000000000000a8ae       0x20 zephyr/drivers/i2c/libdrivers__i2c.a(i2c_nrfx_twi.c.obj)
 .rodata.i2c_nrfx_twi_transfer.str1.1
                0x000000000000a8ce       0x4f zephyr/drivers/i2c/libdrivers__i2c.a(i2c_nrfx_twi.c.obj)
 .rodata.str1.1
                0x000000000000a91d       0x1a zephyr/drivers/i2c/libdrivers__i2c.a(i2c_nrfx_twi.c.obj)
 .rodata.z_log_msg_runtime_create.constprop.0.str1.1
                0x000000000000a937       0x11 modules/nrf/lib/fatal_error/lib..__nrf__lib__fatal_error.a(fatal_error.c.obj)
 .rodata.str1.1
                0x000000000000a948        0xc modules/nrf/lib/fatal_error/lib..__nrf__lib__fatal_error.a(fatal_error.c.obj)
 .rodata.str1.1
                0x000000000000a954        0xb modules/hal_nordic/nrfx/libmodules__hal_nordic__nrfx.a(nrfx_clock.c.obj)
 .rodata.str1.1
                0x000000000000a95f        0xc modules/hal_nordic/nrfx/libmodules__hal_nordic__nrfx.a(nrfx_gpiote.c.obj)
 .rodata.str1.1
                0x000000000000a96b        0x9 modules/hal_nordic/nrfx/libmodules__hal_nordic__nrfx.a(nrfx_twi.c.obj)
 .rodata._DoInit.str1.1
                0x000000000000a974       0x14 modules/segger/libmodules__segger.a(SEGGER_RTT.c.obj)
 .rodata.z_fatal_error.str1.1
                0x000000000000a988       0x77 zephyr/kernel/libkernel.a(fatal.c.obj)
 .rodata.str1.1
                0x000000000000a9ff       0x4a zephyr/kernel/libkernel.a(fatal.c.obj)
 .rodata.z_cstart.str1.1
                0x000000000000aa49        0x5 zephyr/kernel/libkernel.a(init.c.obj)
 .rodata.str1.1
                0x000000000000aa4e        0x3 zephyr/kernel/libkernel.a(init.c.obj)
 .rodata.boot_banner.str1.1
                0x000000000000aa51       0x2e zephyr/kernel/libkernel.a(banner.c.obj)
 .rodata.__ieee754_pow.str1.1
                0x000000000000aa7f       0x2e C:/ncs/toolchains/v2.3.0/opt/zephyr-sdk/arm-zephyr-eabi/arm-zephyr-eabi/lib/thumb/v7e-m+fp/hard\libm_nano.a(lib_a-e_pow.o)
                                          0x1 (size before relaxing)
 .rodata._ctype_
                0x000000000000aa7f      0x101 C:/ncs/toolchains/v2.3.0/opt/zephyr-sdk/arm-zephyr-eabi/arm-zephyr-eabi/lib/thumb/v7e-m+fp/hard\libc_nano.a(lib_a-ctype_.o)
                0x000000000000aa7f                _ctype_
 *(SORT_BY_ALIGNMENT(.gnu.linkonce.r.*))
                0x000000000000ab80                . = ALIGN (0x4)
                0x000000000000ab80                __rodata_region_end = .
                0x000000000000ab80                . = ALIGN (_region_min_align)
                0x0000000000010000                . = ALIGN ((0x1 << ((__rodata_region_end - ADDR (rom_start)) <= 0x4)?0x2:((__rodata_region_end - ADDR (rom_start)) <= 0x8)?0x3:((__rodata_region_end - ADDR (rom_start)) <= 0x10)?0x4:((__rodata_region_end - ADDR (rom_start)) <= 0x20)?0x5:((__rodata_region_end - ADDR (rom_start)) <= 0x40)?0x6:((__rodata_region_end - ADDR (rom_start)) <= 0x80)?0x7:((__rodata_region_end - ADDR (rom_start)) <= 0x100)?0x8:((__rodata_region_end - ADDR (rom_start)) <= 0x200)?0x9:((__rodata_region_end - ADDR (rom_start)) <= 0x400)?0xa:((__rodata_region_end - ADDR (rom_start)) <= 0x800)?0xb:((__rodata_region_end - ADDR (rom_start)) <= 0x1000)?0xc:((__rodata_region_end - ADDR (rom_start)) <= 0x2000)?0xd:((__rodata_region_end - ADDR (rom_start)) <= 0x4000)?0xe:((__rodata_region_end - ADDR (rom_start)) <= 0x8000)?0xf:((__rodata_region_end - ADDR (rom_start)) <= 0x10000)?0x10:((__rodata_region_end - ADDR (rom_start)) <= 0x20000)?0x11:((__rodata_region_end - ADDR (rom_start)) <= 0x40000)?0x12:((__rodata_region_end - ADDR (rom_start)) <= 0x80000)?0x13:((__rodata_region_end - ADDR (rom_start)) <= 0x100000)?0x14:((__rodata_region_end - ADDR (rom_start)) <= 0x200000)?0x15:((__rodata_region_end - ADDR (rom_start)) <= 0x400000)?0x16:((__rodata_region_end - ADDR (rom_start)) <= 0x800000)?0x17:((__rodata_region_end - ADDR (rom_start)) <= 0x1000000)?0x18:((__rodata_region_end - ADDR (rom_start)) <= 0x2000000)?0x19:((__rodata_region_end - ADDR (rom_start)) <= 0x4000000)?0x1a:((__rodata_region_end - ADDR (rom_start)) <= 0x8000000)?0x1b:((__rodata_region_end - ADDR (rom_start)) <= 0x10000000)?0x1c:((__rodata_region_end - ADDR (rom_start)) <= 0x20000000)?0x1d:((__rodata_region_end - ADDR (rom_start)) <= 0x40000000)?0x1e:((__rodata_region_end - ADDR (rom_start)) <= 0x80000000)?0x1f:0x20))
                0x0000000000010000                __rom_region_end = ((__rom_region_start + .) - ADDR (rom_start))

/DISCARD/
 *(SORT_BY_ALIGNMENT(.got.plt))
 *(SORT_BY_ALIGNMENT(.igot.plt))
 *(SORT_BY_ALIGNMENT(.got))
 *(SORT_BY_ALIGNMENT(.igot))
                0x0000000020000000                . = 0x20000000
                0x0000000020000000                . = ALIGN (_region_min_align)
                0x0000000020000000                _image_ram_start = .

.ramfunc        0x0000000020000000        0x0 load address 0x000000000000ab80
                0x0000000020000000                . = ALIGN (_region_min_align)
                0x0000000020000000                . = ALIGN ((0x1 << (__ramfunc_size <= 0x4)?0x2:(__ramfunc_size <= 0x8)?0x3:(__ramfunc_size <= 0x10)?0x4:(__ramfunc_size <= 0x20)?0x5:(__ramfunc_size <= 0x40)?0x6:(__ramfunc_size <= 0x80)?0x7:(__ramfunc_size <= 0x100)?0x8:(__ramfunc_size <= 0x200)?0x9:(__ramfunc_size <= 0x400)?0xa:(__ramfunc_size <= 0x800)?0xb:(__ramfunc_size <= 0x1000)?0xc:(__ramfunc_size <= 0x2000)?0xd:(__ramfunc_size <= 0x4000)?0xe:(__ramfunc_size <= 0x8000)?0xf:(__ramfunc_size <= 0x10000)?0x10:(__ramfunc_size <= 0x20000)?0x11:(__ramfunc_size <= 0x40000)?0x12:(__ramfunc_size <= 0x80000)?0x13:(__ramfunc_size <= 0x100000)?0x14:(__ramfunc_size <= 0x200000)?0x15:(__ramfunc_size <= 0x400000)?0x16:(__ramfunc_size <= 0x800000)?0x17:(__ramfunc_size <= 0x1000000)?0x18:(__ramfunc_size <= 0x2000000)?0x19:(__ramfunc_size <= 0x4000000)?0x1a:(__ramfunc_size <= 0x8000000)?0x1b:(__ramfunc_size <= 0x10000000)?0x1c:(__ramfunc_size <= 0x20000000)?0x1d:(__ramfunc_size <= 0x40000000)?0x1e:(__ramfunc_size <= 0x80000000)?0x1f:0x20))
                0x0000000020000000                __ramfunc_start = .
 *(SORT_BY_ALIGNMENT(.ramfunc))
 *(SORT_BY_ALIGNMENT(.ramfunc.*))
                0x0000000020000000                . = ALIGN (_region_min_align)
                0x0000000020000000                . = ALIGN ((0x1 << (__ramfunc_size <= 0x4)?0x2:(__ramfunc_size <= 0x8)?0x3:(__ramfunc_size <= 0x10)?0x4:(__ramfunc_size <= 0x20)?0x5:(__ramfunc_size <= 0x40)?0x6:(__ramfunc_size <= 0x80)?0x7:(__ramfunc_size <= 0x100)?0x8:(__ramfunc_size <= 0x200)?0x9:(__ramfunc_size <= 0x400)?0xa:(__ramfunc_size <= 0x800)?0xb:(__ramfunc_size <= 0x1000)?0xc:(__ramfunc_size <= 0x2000)?0xd:(__ramfunc_size <= 0x4000)?0xe:(__ramfunc_size <= 0x8000)?0xf:(__ramfunc_size <= 0x10000)?0x10:(__ramfunc_size <= 0x20000)?0x11:(__ramfunc_size <= 0x40000)?0x12:(__ramfunc_size <= 0x80000)?0x13:(__ramfunc_size <= 0x100000)?0x14:(__ramfunc_size <= 0x200000)?0x15:(__ramfunc_size <= 0x400000)?0x16:(__ramfunc_size <= 0x800000)?0x17:(__ramfunc_size <= 0x1000000)?0x18:(__ramfunc_size <= 0x2000000)?0x19:(__ramfunc_size <= 0x4000000)?0x1a:(__ramfunc_size <= 0x8000000)?0x1b:(__ramfunc_size <= 0x10000000)?0x1c:(__ramfunc_size <= 0x20000000)?0x1d:(__ramfunc_size <= 0x40000000)?0x1e:(__ramfunc_size <= 0x80000000)?0x1f:0x20))
                0x0000000020000000                __ramfunc_end = .
                0x0000000000000000                __ramfunc_size = (__ramfunc_end - __ramfunc_start)
                0x000000000000ab80                __ramfunc_load_start = LOADADDR (.ramfunc)

datas           0x0000000020000000       0xbe load address 0x000000000000ab80
                0x0000000020000000                __data_region_start = .
                0x0000000020000000                __data_start = .
 *(SORT_BY_ALIGNMENT(.data))
 *(SORT_BY_ALIGNMENT(.data.*))
 .data.emissivity
                0x0000000020000000        0x4 app/libapp.a(main.c.obj)
                0x0000000020000000                emissivity
 .data.ta_shift
                0x0000000020000004        0x4 app/libapp.a(main.c.obj)
                0x0000000020000004                ta_shift
 .data._char_out
                0x0000000020000008        0x4 zephyr/libzephyr.a(printk.c.obj)
                0x0000000020000008                _char_out
 .data.timestamp_func
                0x000000002000000c        0x4 zephyr/libzephyr.a(log_core.c.obj)
 .data.max_latency_ticks
                0x0000000020000010        0x4 zephyr/libzephyr.a(policy.c.obj)
 .data._stdout_hook
                0x0000000020000014        0x4 zephyr/lib/libc/newlib/liblib__libc__newlib.a(libc-hooks.c.obj)
 .data.twi_0_data
                0x0000000020000018       0x28 zephyr/drivers/i2c/libdrivers__i2c.a(i2c_nrfx_twi.c.obj)
 .data.SystemCoreClock
                0x0000000020000040        0x4 modules/hal_nordic/nrfx/libmodules__hal_nordic__nrfx.a(system_nrf52833.c.obj)
                0x0000000020000040                SystemCoreClock
 .data.m_cb     0x0000000020000044       0x70 modules/hal_nordic/nrfx/libmodules__hal_nordic__nrfx.a(nrfx_gpiote.c.obj)
 .data.timeout_list
                0x00000000200000b4        0x8 zephyr/kernel/libkernel.a(timeout.c.obj)
 .data.temp_freq
                0x00000000200000bc        0x1 app/libapp.a(main.c.obj)